Archive member included to satisfy reference by file (symbol)

d:/intelfpga_lite/18.0/nios2eds/bin/gnu/h-x86_64-mingw32/bin/../lib/gcc/nios2-elf/5.3.0/mno-hw-mul\libgcc.a(lib2-divmod.o)
                              obj/default/main.o (__divsi3)
d:/intelfpga_lite/18.0/nios2eds/bin/gnu/h-x86_64-mingw32/bin/../lib/gcc/nios2-elf/5.3.0/mno-hw-mul\libgcc.a(lib2-mul.o)
                              obj/default/main.o (__mulsi3)
d:/intelfpga_lite/18.0/nios2eds/bin/gnu/h-x86_64-mingw32/bin/../lib/gcc/nios2-elf/5.3.0/mno-hw-mul\libgcc.a(divdf3.o)
                              obj/default/main.o (__divdf3)
d:/intelfpga_lite/18.0/nios2eds/bin/gnu/h-x86_64-mingw32/bin/../lib/gcc/nios2-elf/5.3.0/mno-hw-mul\libgcc.a(floatsidf.o)
                              obj/default/main.o (__floatsidf)
d:/intelfpga_lite/18.0/nios2eds/bin/gnu/h-x86_64-mingw32/bin/../lib/gcc/nios2-elf/5.3.0/mno-hw-mul\libgcc.a(floatunsidf.o)
                              obj/default/main.o (__floatunsidf)
d:/intelfpga_lite/18.0/nios2eds/bin/gnu/h-x86_64-mingw32/bin/../lib/gcc/nios2-elf/5.3.0/mno-hw-mul\libgcc.a(_clzsi2.o)
                              d:/intelfpga_lite/18.0/nios2eds/bin/gnu/h-x86_64-mingw32/bin/../lib/gcc/nios2-elf/5.3.0/mno-hw-mul\libgcc.a(divdf3.o) (__clzsi2)
d:/intelfpga_lite/18.0/nios2eds/bin/gnu/h-x86_64-mingw32/bin/../lib/gcc/nios2-elf/5.3.0/mno-hw-mul\libgcc.a(_clz.o)
                              d:/intelfpga_lite/18.0/nios2eds/bin/gnu/h-x86_64-mingw32/bin/../lib/gcc/nios2-elf/5.3.0/mno-hw-mul\libgcc.a(_clzsi2.o) (__clz_tab)
d:/intelfpga_lite/18.0/nios2eds/bin/gnu/h-x86_64-mingw32/bin/../lib/gcc/nios2-elf/5.3.0/../../../../../H-x86_64-mingw32/nios2-elf/lib/mno-hw-mul\libc.a(lib_a-clock.o)
                              obj/default/main.o (clock)
d:/intelfpga_lite/18.0/nios2eds/bin/gnu/h-x86_64-mingw32/bin/../lib/gcc/nios2-elf/5.3.0/../../../../../H-x86_64-mingw32/nios2-elf/lib/mno-hw-mul\libc.a(lib_a-impure.o)
                              d:/intelfpga_lite/18.0/nios2eds/bin/gnu/h-x86_64-mingw32/bin/../lib/gcc/nios2-elf/5.3.0/../../../../../H-x86_64-mingw32/nios2-elf/lib/mno-hw-mul\libc.a(lib_a-clock.o) (_impure_ptr)
d:/intelfpga_lite/18.0/nios2eds/bin/gnu/h-x86_64-mingw32/bin/../lib/gcc/nios2-elf/5.3.0/../../../../../H-x86_64-mingw32/nios2-elf/lib/mno-hw-mul\libc.a(lib_a-printf.o)
                              obj/default/main.o (printf)
d:/intelfpga_lite/18.0/nios2eds/bin/gnu/h-x86_64-mingw32/bin/../lib/gcc/nios2-elf/5.3.0/../../../../../H-x86_64-mingw32/nios2-elf/lib/mno-hw-mul\libc.a(lib_a-putchar.o)
                              obj/default/main.o (putchar)
d:/intelfpga_lite/18.0/nios2eds/bin/gnu/h-x86_64-mingw32/bin/../lib/gcc/nios2-elf/5.3.0/../../../../../H-x86_64-mingw32/nios2-elf/lib/mno-hw-mul\libc.a(lib_a-puts.o)
                              obj/default/main.o (puts)
d:/intelfpga_lite/18.0/nios2eds/bin/gnu/h-x86_64-mingw32/bin/../lib/gcc/nios2-elf/5.3.0/../../../../../H-x86_64-mingw32/nios2-elf/lib/mno-hw-mul\libc.a(lib_a-scanf.o)
                              obj/default/main.o (scanf)
d:/intelfpga_lite/18.0/nios2eds/bin/gnu/h-x86_64-mingw32/bin/../lib/gcc/nios2-elf/5.3.0/../../../../../H-x86_64-mingw32/nios2-elf/lib/mno-hw-mul\libc.a(lib_a-strlen.o)
                              d:/intelfpga_lite/18.0/nios2eds/bin/gnu/h-x86_64-mingw32/bin/../lib/gcc/nios2-elf/5.3.0/../../../../../H-x86_64-mingw32/nios2-elf/lib/mno-hw-mul\libc.a(lib_a-puts.o) (strlen)
d:/intelfpga_lite/18.0/nios2eds/bin/gnu/h-x86_64-mingw32/bin/../lib/gcc/nios2-elf/5.3.0/../../../../../H-x86_64-mingw32/nios2-elf/lib/mno-hw-mul\libc.a(lib_a-timesr.o)
                              d:/intelfpga_lite/18.0/nios2eds/bin/gnu/h-x86_64-mingw32/bin/../lib/gcc/nios2-elf/5.3.0/../../../../../H-x86_64-mingw32/nios2-elf/lib/mno-hw-mul\libc.a(lib_a-clock.o) (_times_r)
d:/intelfpga_lite/18.0/nios2eds/bin/gnu/h-x86_64-mingw32/bin/../lib/gcc/nios2-elf/5.3.0/../../../../../H-x86_64-mingw32/nios2-elf/lib/mno-hw-mul\libc.a(lib_a-vfprintf.o)
                              d:/intelfpga_lite/18.0/nios2eds/bin/gnu/h-x86_64-mingw32/bin/../lib/gcc/nios2-elf/5.3.0/../../../../../H-x86_64-mingw32/nios2-elf/lib/mno-hw-mul\libc.a(lib_a-printf.o) (___vfprintf_internal_r)
d:/intelfpga_lite/18.0/nios2eds/bin/gnu/h-x86_64-mingw32/bin/../lib/gcc/nios2-elf/5.3.0/../../../../../H-x86_64-mingw32/nios2-elf/lib/mno-hw-mul\libc.a(lib_a-vfscanf.o)
                              d:/intelfpga_lite/18.0/nios2eds/bin/gnu/h-x86_64-mingw32/bin/../lib/gcc/nios2-elf/5.3.0/../../../../../H-x86_64-mingw32/nios2-elf/lib/mno-hw-mul\libc.a(lib_a-scanf.o) (_vfscanf_r)
d:/intelfpga_lite/18.0/nios2eds/bin/gnu/h-x86_64-mingw32/bin/../lib/gcc/nios2-elf/5.3.0/../../../../../H-x86_64-mingw32/nios2-elf/lib/mno-hw-mul\libc.a(lib_a-wsetup.o)
                              d:/intelfpga_lite/18.0/nios2eds/bin/gnu/h-x86_64-mingw32/bin/../lib/gcc/nios2-elf/5.3.0/../../../../../H-x86_64-mingw32/nios2-elf/lib/mno-hw-mul\libc.a(lib_a-vfprintf.o) (__swsetup_r)
[...]
Memory Configuration

Name             Origin             Length             Attributes
onchip_memory2_0 0x0000000000000000 0x0000000000000010
reset            0x0000000010000000 0x0000000000000020
sdram            0x0000000010000020 0x0000000007ffffe0
*default*        0x0000000000000000 0xffffffffffffffff

Linker script and memory map

LOAD ../lab9_bsp//obj/HAL/src/crt0.o
LOAD obj/default/main.o
LOAD d:/intelfpga_lite/18.0/nios2eds/bin/gnu/h-x86_64-mingw32/bin/../lib/gcc/nios2-elf/5.3.0/../../../../../H-x86_64-mingw32/nios2-elf/lib/mno-hw-mul\libstdc++.a
LOAD d:/intelfpga_lite/18.0/nios2eds/bin/gnu/h-x86_64-mingw32/bin/../lib/gcc/nios2-elf/5.3.0/../../../../../H-x86_64-mingw32/nios2-elf/lib/mno-hw-mul\libm.a
LOAD d:/intelfpga_lite/18.0/nios2eds/bin/gnu/h-x86_64-mingw32/bin/../lib/gcc/nios2-elf/5.3.0/mno-hw-mul\libgcc.a
START GROUP
LOAD d:/intelfpga_lite/18.0/nios2eds/bin/gnu/h-x86_64-mingw32/bin/../lib/gcc/nios2-elf/5.3.0/../../../../../H-x86_64-mingw32/nios2-elf/lib/mno-hw-mul\libc.a
LOAD d:/intelfpga_lite/18.0/nios2eds/bin/gnu/h-x86_64-mingw32/bin/../lib/gcc/nios2-elf/5.3.0/mno-hw-mul\libgcc.a
LOAD ../lab9_bsp/\libhal_bsp.a
LOAD d:/intelfpga_lite/18.0/nios2eds/bin/gnu/h-x86_64-mingw32/bin/../lib/gcc/nios2-elf/5.3.0/../../../../../H-x86_64-mingw32/nios2-elf/lib/mno-hw-mul\libm.a
END GROUP
LOAD d:/intelfpga_lite/18.0/nios2eds/bin/gnu/h-x86_64-mingw32/bin/../lib/gcc/nios2-elf/5.3.0/mno-hw-mul\libgcc.a
                0x0000000000000000                __alt_mem_onchip_memory2_0 = 0x0
                0x0000000010000000                __alt_mem_sdram = 0x10000000

.entry          0x0000000010000000       0x20
 *(.entry)
 .entry         0x0000000010000000       0x20 ../lab9_bsp//obj/HAL/src/crt0.o
                0x0000000010000000                __reset

.exceptions     0x0000000010000020      0x210
                0x0000000010000020                PROVIDE (__ram_exceptions_start, ABSOLUTE (.))
                0x0000000010000020                . = ALIGN (0x20)
 *(.irq)
 *(.exceptions.entry.label)
 .exceptions.entry.label
                0x0000000010000020        0x0 ../lab9_bsp/\libhal_bsp.a(alt_irq_entry.o)
                0x0000000010000020                alt_irq_entry
 .exceptions.entry.label
                0x0000000010000020        0x0 ../lab9_bsp/\libhal_bsp.a(alt_exception_entry.o)
                0x0000000010000020                alt_exception
 *(.exceptions.entry.user)
 *(.exceptions.entry.ecc_fatal)
 *(.exceptions.entry)
 .exceptions.entry
                0x0000000010000020       0x54 ../lab9_bsp/\libhal_bsp.a(alt_exception_entry.o)
 *(.exceptions.irqtest.user)
 *(.exceptions.irqtest)
 .exceptions.irqtest
                0x0000000010000074       0x10 ../lab9_bsp/\libhal_bsp.a(alt_irq_entry.o)
 *(.exceptions.irqhandler.user)
 *(.exceptions.irqhandler)
 .exceptions.irqhandler
                0x0000000010000084        0x4 ../lab9_bsp/\libhal_bsp.a(alt_irq_entry.o)
 *(.exceptions.irqreturn.user)
 *(.exceptions.irqreturn)
 .exceptions.irqreturn
                0x0000000010000088        0x4 ../lab9_bsp/\libhal_bsp.a(alt_irq_entry.o)
 *(.exceptions.notirq.label)
 .exceptions.notirq.label
                0x000000001000008c        0x0 ../lab9_bsp/\libhal_bsp.a(alt_irq_entry.o)
 *(.exceptions.notirq.user)
 *(.exceptions.notirq)
 .exceptions.notirq
                0x000000001000008c        0x8 ../lab9_bsp/\libhal_bsp.a(alt_exception_entry.o)
 *(.exceptions.soft.user)
 *(.exceptions.soft)
 *(.exceptions.unknown.user)
 *(.exceptions.unknown)
 .exceptions.unknown
                0x0000000010000094       0x14 ../lab9_bsp/\libhal_bsp.a(alt_exception_entry.o)
 *(.exceptions.exit.label)
 .exceptions.exit.label
                0x00000000100000a8        0x0 ../lab9_bsp/\libhal_bsp.a(alt_irq_entry.o)
 .exceptions.exit.label
                0x00000000100000a8        0x0 ../lab9_bsp/\libhal_bsp.a(alt_exception_entry.o)
 *(.exceptions.exit.user)
 *(.exceptions.exit)
 .exceptions.exit
                0x00000000100000a8       0x54 ../lab9_bsp/\libhal_bsp.a(alt_exception_entry.o)
 *(.exceptions)
 .exceptions    0x00000000100000fc       0xd4 ../lab9_bsp/\libhal_bsp.a(alt_irq_handler.o)
                0x00000000100000fc                alt_irq_handler
 .exceptions    0x00000000100001d0       0x60 ../lab9_bsp/\libhal_bsp.a(alt_instruction_exception_entry.o)
                0x00000000100001d0                alt_instruction_exception_entry
                0x0000000010000230                PROVIDE (__ram_exceptions_end, ABSOLUTE (.))
                0x0000000010000020                PROVIDE (__flash_exceptions_start, LOADADDR (.exceptions))

.text           0x0000000010000230    0x19f68
                [!provide]                        PROVIDE (stext, ABSOLUTE (.))
 *(.interp)
 *(.hash)
 *(.dynsym)
 *(.dynstr)
 *(.gnu.version)
 *(.gnu.version_d)
 *(.gnu.version_r)
 *(.rel.init)
 *(.rela.init)
 *(.rel.text .rel.text.* .rel.gnu.linkonce.t.*)
 *(.rela.text .rela.text.* .rela.gnu.linkonce.t.*)
 *(.rel.fini)
 *(.rela.fini)
 *(.rel.rodata .rel.rodata.* .rel.gnu.linkonce.r.*)
 *(.rela.rodata .rela.rodata.* .rela.gnu.linkonce.r.*)
 *(.rel.data .rel.data.* .rel.gnu.linkonce.d.*)
 *(.rela.data .rela.data.* .rela.gnu.linkonce.d.*)
 *(.rel.tdata .rel.tdata.* .rel.gnu.linkonce.td.*)
 *(.rela.tdata .rela.tdata.* .rela.gnu.linkonce.td.*)
 *(.rel.tbss .rel.tbss.* .rel.gnu.linkonce.tb.*)
 *(.rela.tbss .rela.tbss.* .rela.gnu.linkonce.tb.*)
 *(.rel.ctors)
 *(.rela.ctors)
 *(.rel.dtors)
 *(.rela.dtors)
 *(.rel.got)
 *(.rela.got)
 *(.rel.sdata .rel.sdata.* .rel.gnu.linkonce.s.*)
 *(.rela.sdata .rela.sdata.* .rela.gnu.linkonce.s.*)
 *(.rel.sbss .rel.sbss.* .rel.gnu.linkonce.sb.*)
 *(.rela.sbss .rela.sbss.* .rela.gnu.linkonce.sb.*)
 *(.rel.sdata2 .rel.sdata2.* .rel.gnu.linkonce.s2.*)
 *(.rela.sdata2 .rela.sdata2.* .rela.gnu.linkonce.s2.*)
 *(.rel.sbss2 .rel.sbss2.* .rel.gnu.linkonce.sb2.*)
 *(.rela.sbss2 .rela.sbss2.* .rela.gnu.linkonce.sb2.*)
 *(.rel.bss .rel.bss.* .rel.gnu.linkonce.b.*)
 *(.rela.bss .rela.bss.* .rela.gnu.linkonce.b.*)
 *(.rel.plt)
 *(.rela.plt)
 *(.rel.dyn)
 *(.init)
 *(.plt)
 *(.text .stub .text.* .gnu.linkonce.t.*)
 .text          0x0000000010000230       0x3c ../lab9_bsp//obj/HAL/src/crt0.o
                0x0000000010000230                _start
 .text          0x000000001000026c     0x14d4 obj/default/main.o
                0x000000001000026c                charToHex
                0x0000000010000328                charsToHex
                0x0000000010000390                encrypt
                0x00000000100007c0                decrypt
                0x00000000100007ec                main
                0x0000000010000ba4                RotWord
                0x0000000010000bd4                KeyExpansion
                0x0000000010000dec                AddRoundKey
                0x0000000010000fa8                ShiftRows
                0x000000001000114c                SubBytes
                0x00000000100012d4                SubWord
                0x000000001000140c                xtimes
                0x0000000010001468                MixColumns
 .text          0x0000000010001740      0x1b4 d:/intelfpga_lite/18.0/nios2eds/bin/gnu/h-x86_64-mingw32/bin/../lib/gcc/nios2-elf/5.3.0/mno-hw-mul\libgcc.a(lib2-divmod.o)
                0x0000000010001740                __divsi3
                0x00000000100017c4                __modsi3
                0x0000000010001838                __udivsi3
                0x000000001000189c                __umodsi3
 .text          0x00000000100018f4       0x28 d:/intelfpga_lite/18.0/nios2eds/bin/gnu/h-x86_64-mingw32/bin/../lib/gcc/nios2-elf/5.3.0/mno-hw-mul\libgcc.a(lib2-mul.o)
                0x00000000100018f4                __mulsi3
 .text          0x000000001000191c      0x9d0 d:/intelfpga_lite/18.0/nios2eds/bin/gnu/h-x86_64-mingw32/bin/../lib/gcc/nios2-elf/5.3.0/mno-hw-mul\libgcc.a(divdf3.o)
                0x000000001000191c                __divdf3
 .text          0x00000000100022ec       0xdc d:/intelfpga_lite/18.0/nios2eds/bin/gnu/h-x86_64-mingw32/bin/../lib/gcc/nios2-elf/5.3.0/mno-hw-mul\libgcc.a(floatsidf.o)
                0x00000000100022ec                __floatsidf
 .text          0x00000000100023c8       0xa8 d:/intelfpga_lite/18.0/nios2eds/bin/gnu/h-x86_64-mingw32/bin/../lib/gcc/nios2-elf/5.3.0/mno-hw-mul\libgcc.a(floatunsidf.o)
                0x00000000100023c8                __floatunsidf
 .text          0x0000000010002470       0x64 d:/intelfpga_lite/18.0/nios2eds/bin/gnu/h-x86_64-mingw32/bin/../lib/gcc/nios2-elf/5.3.0/mno-hw-mul\libgcc.a(_clzsi2.o)
                0x0000000010002470                __clzsi2
 .text          0x00000000100024d4        0x0 d:/intelfpga_lite/18.0/nios2eds/bin/gnu/h-x86_64-mingw32/bin/../lib/gcc/nios2-elf/5.3.0/mno-hw-mul\libgcc.a(_clz.o)
 .text          0x00000000100024d4        0x0 d:/intelfpga_lite/18.0/nios2eds/bin/gnu/h-x86_64-mingw32/bin/../lib/gcc/nios2-elf/5.3.0/../../../../../H-x86_64-mingw32/nios2-elf/lib/mno-hw-mul\libc.a(lib_a-clock.o)
 .text.clock    0x00000000100024d4       0x4c d:/intelfpga_lite/18.0/nios2eds/bin/gnu/h-x86_64-mingw32/bin/../lib/gcc/nios2-elf/5.3.0/../../../../../H-x86_64-mingw32/nios2-elf/lib/mno-hw-mul\libc.a(lib_a-clock.o)
                0x00000000100024d4                clock
 .text          0x0000000010002520        0x0 d:/intelfpga_lite/18.0/nios2eds/bin/gnu/h-x86_64-mingw32/bin/../lib/gcc/nios2-elf/5.3.0/../../../../../H-x86_64-mingw32/nios2-elf/lib/mno-hw-mul\libc.a(lib_a-impure.o)
 .text          0x0000000010002520        0x0 d:/intelfpga_lite/18.0/nios2eds/bin/gnu/h-x86_64-mingw32/bin/../lib/gcc/nios2-elf/5.3.0/../../../../../H-x86_64-mingw32/nios2-elf/lib/mno-hw-mul\libc.a(lib_a-printf.o)
 .text._printf_r
                0x0000000010002520       0x30 d:/intelfpga_lite/18.0/nios2eds/bin/gnu/h-x86_64-mingw32/bin/../lib/gcc/nios2-elf/5.3.0/../../../../../H-x86_64-mingw32/nios2-elf/lib/mno-hw-mul\libc.a(lib_a-printf.o)
                0x0000000010002520                _printf_r
 .text.printf   0x0000000010002550       0x3c d:/intelfpga_lite/18.0/nios2eds/bin/gnu/h-x86_64-mingw32/bin/../lib/gcc/nios2-elf/5.3.0/../../../../../H-x86_64-mingw32/nios2-elf/lib/mno-hw-mul\libc.a(lib_a-printf.o)
                0x0000000010002550                printf
 .text          0x000000001000258c        0x0 d:/intelfpga_lite/18.0/nios2eds/bin/gnu/h-x86_64-mingw32/bin/../lib/gcc/nios2-elf/5.3.0/../../../../../H-x86_64-mingw32/nios2-elf/lib/mno-hw-mul\libc.a(lib_a-putchar.o)
 .text._putchar_r
                0x000000001000258c        0x8 d:/intelfpga_lite/18.0/nios2eds/bin/gnu/h-x86_64-mingw32/bin/../lib/gcc/nios2-elf/5.3.0/../../../../../H-x86_64-mingw32/nios2-elf/lib/mno-hw-mul\libc.a(lib_a-putchar.o)
                0x000000001000258c                _putchar_r
 .text.putchar  0x0000000010002594       0x18 d:/intelfpga_lite/18.0/nios2eds/bin/gnu/h-x86_64-mingw32/bin/../lib/gcc/nios2-elf/5.3.0/../../../../../H-x86_64-mingw32/nios2-elf/lib/mno-hw-mul\libc.a(lib_a-putchar.o)
                0x0000000010002594                putchar
 .text          0x00000000100025ac        0x0 d:/intelfpga_lite/18.0/nios2eds/bin/gnu/h-x86_64-mingw32/bin/../lib/gcc/nios2-elf/5.3.0/../../../../../H-x86_64-mingw32/nios2-elf/lib/mno-hw-mul\libc.a(lib_a-puts.o)
 .text._puts_r  0x00000000100025ac       0xc0 d:/intelfpga_lite/18.0/nios2eds/bin/gnu/h-x86_64-mingw32/bin/../lib/gcc/nios2-elf/5.3.0/../../../../../H-x86_64-mingw32/nios2-elf/lib/mno-hw-mul\libc.a(lib_a-puts.o)
                0x00000000100025ac                _puts_r
 .text.puts     0x000000001000266c       0x14 d:/intelfpga_lite/18.0/nios2eds/bin/gnu/h-x86_64-mingw32/bin/../lib/gcc/nios2-elf/5.3.0/../../../../../H-x86_64-mingw32/nios2-elf/lib/mno-hw-mul\libc.a(lib_a-puts.o)
                0x000000001000266c                puts
 .text          0x0000000010002680        0x0 d:/intelfpga_lite/18.0/nios2eds/bin/gnu/h-x86_64-mingw32/bin/../lib/gcc/nios2-elf/5.3.0/../../../../../H-x86_64-mingw32/nios2-elf/lib/mno-hw-mul\libc.a(lib_a-scanf.o)
 .text.scanf    0x0000000010002680       0x3c d:/intelfpga_lite/18.0/nios2eds/bin/gnu/h-x86_64-mingw32/bin/../lib/gcc/nios2-elf/5.3.0/../../../../../H-x86_64-mingw32/nios2-elf/lib/mno-hw-mul\libc.a(lib_a-scanf.o)
                0x0000000010002680                scanf
 .text._scanf_r
                0x00000000100026bc       0x30 d:/intelfpga_lite/18.0/nios2eds/bin/gnu/h-x86_64-mingw32/bin/../lib/gcc/nios2-elf/5.3.0/../../../../../H-x86_64-mingw32/nios2-elf/lib/mno-hw-mul\libc.a(lib_a-scanf.o)
                0x00000000100026bc                _scanf_r
 .text          0x00000000100026ec        0x0 d:/intelfpga_lite/18.0/nios2eds/bin/gnu/h-x86_64-mingw32/bin/../lib/gcc/nios2-elf/5.3.0/../../../../../H-x86_64-mingw32/nios2-elf/lib/mno-hw-mul\libc.a(lib_a-strlen.o)
 .text.strlen   0x00000000100026ec       0x98 d:/intelfpga_lite/18.0/nios2eds/bin/gnu/h-x86_64-mingw32/bin/../lib/gcc/nios2-elf/5.3.0/../../../../../H-x86_64-mingw32/nios2-elf/lib/mno-hw-mul\libc.a(lib_a-strlen.o)
                0x00000000100026ec                strlen
 .text          0x0000000010002784        0x0 d:/intelfpga_lite/18.0/nios2eds/bin/gnu/h-x86_64-mingw32/bin/../lib/gcc/nios2-elf/5.3.0/../../../../../H-x86_64-mingw32/nios2-elf/lib/mno-hw-mul\libc.a(lib_a-timesr.o)
 .text._times_r
                0x0000000010002784        0x8 d:/intelfpga_lite/18.0/nios2eds/bin/gnu/h-x86_64-mingw32/bin/../lib/gcc/nios2-elf/5.3.0/../../../../../H-x86_64-mingw32/nios2-elf/lib/mno-hw-mul\libc.a(lib_a-timesr.o)
                0x0000000010002784                _times_r
 .text          0x000000001000278c        0x0 d:/intelfpga_lite/18.0/nios2eds/bin/gnu/h-x86_64-mingw32/bin/../lib/gcc/nios2-elf/5.3.0/../../../../../H-x86_64-mingw32/nios2-elf/lib/mno-hw-mul\libc.a(lib_a-vfprintf.o)
 .text.___vfprintf_internal_r
                0x000000001000278c     0x22dc d:/intelfpga_lite/18.0/nios2eds/bin/gnu/h-x86_64-mingw32/bin/../lib/gcc/nios2-elf/5.3.0/../../../../../H-x86_64-mingw32/nios2-elf/lib/mno-hw-mul\libc.a(lib_a-vfprintf.o)
                0x000000001000278c                ___vfprintf_internal_r
 .text.__vfprintf_internal
                0x0000000010004a68       0x1c d:/intelfpga_lite/18.0/nios2eds/bin/gnu/h-x86_64-mingw32/bin/../lib/gcc/nios2-elf/5.3.0/../../../../../H-x86_64-mingw32/nios2-elf/lib/mno-hw-mul\libc.a(lib_a-vfprintf.o)
                0x0000000010004a68                __vfprintf_internal
 .text.__sbprintf
                0x0000000010004a84       0xbc d:/intelfpga_lite/18.0/nios2eds/bin/gnu/h-x86_64-mingw32/bin/../lib/gcc/nios2-elf/5.3.0/../../../../../H-x86_64-mingw32/nios2-elf/lib/mno-hw-mul\libc.a(lib_a-vfprintf.o)
 .text          0x0000000010004b40        0x0 d:/intelfpga_lite/18.0/nios2eds/bin/gnu/h-x86_64-mingw32/bin/../lib/gcc/nios2-elf/5.3.0/../../../../../H-x86_64-mingw32/nios2-elf/lib/mno-hw-mul\libc.a(lib_a-vfscanf.o)
 .text.__svfscanf_r
                0x0000000010004b40     0x198c d:/intelfpga_lite/18.0/nios2eds/bin/gnu/h-x86_64-mingw32/bin/../lib/gcc/nios2-elf/5.3.0/../../../../../H-x86_64-mingw32/nios2-elf/lib/mno-hw-mul\libc.a(lib_a-vfscanf.o)
                0x0000000010004b40                __svfscanf_r
 .text.vfscanf  0x00000000100064cc       0x68 d:/intelfpga_lite/18.0/nios2eds/bin/gnu/h-x86_64-mingw32/bin/../lib/gcc/nios2-elf/5.3.0/../../../../../H-x86_64-mingw32/nios2-elf/lib/mno-hw-mul\libc.a(lib_a-vfscanf.o)
                0x00000000100064cc                vfscanf
 .text.__svfscanf
                0x0000000010006534       0x1c d:/intelfpga_lite/18.0/nios2eds/bin/gnu/h-x86_64-mingw32/bin/../lib/gcc/nios2-elf/5.3.0/../../../../../H-x86_64-mingw32/nios2-elf/lib/mno-hw-mul\libc.a(lib_a-vfscanf.o)
                0x0000000010006534                __svfscanf
 .text._vfscanf_r
                0x0000000010006550       0x4c d:/intelfpga_lite/18.0/nios2eds/bin/gnu/h-x86_64-mingw32/bin/../lib/gcc/nios2-elf/5.3.0/../../../../../H-x86_64-mingw32/nios2-elf/lib/mno-hw-mul\libc.a(lib_a-vfscanf.o)
                0x0000000010006550                _vfscanf_r
 .text          0x000000001000659c        0x0 d:/intelfpga_lite/18.0/nios2eds/bin/gnu/h-x86_64-mingw32/bin/../lib/gcc/nios2-elf/5.3.0/../../../../../H-x86_64-mingw32/nios2-elf/lib/mno-hw-mul\libc.a(lib_a-wsetup.o)
 .text.__swsetup_r
                0x000000001000659c      0x154 d:/intelfpga_lite/18.0/nios2eds/bin/gnu/h-x86_64-mingw32/bin/../lib/gcc/nios2-elf/5.3.0/../../../../../H-x86_64-mingw32/nios2-elf/lib/mno-hw-mul\libc.a(lib_a-wsetup.o)
                0x000000001000659c                __swsetup_r
 .text          0x00000000100066f0        0x0 d:/intelfpga_lite/18.0/nios2eds/bin/gnu/h-x86_64-mingw32/bin/../lib/gcc/nios2-elf/5.3.0/../../../../../H-x86_64-mingw32/nios2-elf/lib/mno-hw-mul\libc.a(lib_a-ctype_.o)
 .text          0x00000000100066f0        0x0 d:/intelfpga_lite/18.0/nios2eds/bin/gnu/h-x86_64-mingw32/bin/../lib/gcc/nios2-elf/5.3.0/../../../../../H-x86_64-mingw32/nios2-elf/lib/mno-hw-mul\libc.a(lib_a-dtoa.o)
 .text.quorem   0x00000000100066f0      0x228 d:/intelfpga_lite/18.0/nios2eds/bin/gnu/h-x86_64-mingw32/bin/../lib/gcc/nios2-elf/5.3.0/../../../../../H-x86_64-mingw32/nios2-elf/lib/mno-hw-mul\libc.a(lib_a-dtoa.o)
 .text._dtoa_r  0x0000000010006918     0x1688 d:/intelfpga_lite/18.0/nios2eds/bin/gnu/h-x86_64-mingw32/bin/../lib/gcc/nios2-elf/5.3.0/../../../../../H-x86_64-mingw32/nios2-elf/lib/mno-hw-mul\libc.a(lib_a-dtoa.o)
                0x0000000010006918                _dtoa_r
 .text          0x0000000010007fa0        0x0 d:/intelfpga_lite/18.0/nios2eds/bin/gnu/h-x86_64-mingw32/bin/../lib/gcc/nios2-elf/5.3.0/../../../../../H-x86_64-mingw32/nios2-elf/lib/mno-hw-mul\libc.a(lib_a-fflush.o)
 .text.__sflush_r
                0x0000000010007fa0      0x21c d:/intelfpga_lite/18.0/nios2eds/bin/gnu/h-x86_64-mingw32/bin/../lib/gcc/nios2-elf/5.3.0/../../../../../H-x86_64-mingw32/nios2-elf/lib/mno-hw-mul\libc.a(lib_a-fflush.o)
                0x0000000010007fa0                __sflush_r
 .text._fflush_r
                0x00000000100081bc       0x5c d:/intelfpga_lite/18.0/nios2eds/bin/gnu/h-x86_64-mingw32/bin/../lib/gcc/nios2-elf/5.3.0/../../../../../H-x86_64-mingw32/nios2-elf/lib/mno-hw-mul\libc.a(lib_a-fflush.o)
                0x00000000100081bc                _fflush_r
 .text.fflush   0x0000000010008218       0x30 d:/intelfpga_lite/18.0/nios2eds/bin/gnu/h-x86_64-mingw32/bin/../lib/gcc/nios2-elf/5.3.0/../../../../../H-x86_64-mingw32/nios2-elf/lib/mno-hw-mul\libc.a(lib_a-fflush.o)
                0x0000000010008218                fflush
 .text          0x0000000010008248        0x0 d:/intelfpga_lite/18.0/nios2eds/bin/gnu/h-x86_64-mingw32/bin/../lib/gcc/nios2-elf/5.3.0/../../../../../H-x86_64-mingw32/nios2-elf/lib/mno-hw-mul\libc.a(lib_a-findfp.o)
 .text.__fp_unlock
                0x0000000010008248        0x8 d:/intelfpga_lite/18.0/nios2eds/bin/gnu/h-x86_64-mingw32/bin/../lib/gcc/nios2-elf/5.3.0/../../../../../H-x86_64-mingw32/nios2-elf/lib/mno-hw-mul\libc.a(lib_a-findfp.o)
 .text._cleanup_r
                0x0000000010008250        0xc d:/intelfpga_lite/18.0/nios2eds/bin/gnu/h-x86_64-mingw32/bin/../lib/gcc/nios2-elf/5.3.0/../../../../../H-x86_64-mingw32/nios2-elf/lib/mno-hw-mul\libc.a(lib_a-findfp.o)
                0x0000000010008250                _cleanup_r
 .text.__sinit.part.1
                0x000000001000825c      0x19c d:/intelfpga_lite/18.0/nios2eds/bin/gnu/h-x86_64-mingw32/bin/../lib/gcc/nios2-elf/5.3.0/../../../../../H-x86_64-mingw32/nios2-elf/lib/mno-hw-mul\libc.a(lib_a-findfp.o)
 .text.__fp_lock
                0x00000000100083f8        0x8 d:/intelfpga_lite/18.0/nios2eds/bin/gnu/h-x86_64-mingw32/bin/../lib/gcc/nios2-elf/5.3.0/../../../../../H-x86_64-mingw32/nios2-elf/lib/mno-hw-mul\libc.a(lib_a-findfp.o)
 .text.__sfmoreglue
                0x0000000010008400       0x78 d:/intelfpga_lite/18.0/nios2eds/bin/gnu/h-x86_64-mingw32/bin/../lib/gcc/nios2-elf/5.3.0/../../../../../H-x86_64-mingw32/nios2-elf/lib/mno-hw-mul\libc.a(lib_a-findfp.o)
                0x0000000010008400                __sfmoreglue
 .text.__sfp    0x0000000010008478      0x118 d:/intelfpga_lite/18.0/nios2eds/bin/gnu/h-x86_64-mingw32/bin/../lib/gcc/nios2-elf/5.3.0/../../../../../H-x86_64-mingw32/nios2-elf/lib/mno-hw-mul\libc.a(lib_a-findfp.o)
                0x0000000010008478                __sfp
 .text._cleanup
                0x0000000010008590       0x18 d:/intelfpga_lite/18.0/nios2eds/bin/gnu/h-x86_64-mingw32/bin/../lib/gcc/nios2-elf/5.3.0/../../../../../H-x86_64-mingw32/nios2-elf/lib/mno-hw-mul\libc.a(lib_a-findfp.o)
                0x0000000010008590                _cleanup
 .text.__sinit  0x00000000100085a8       0x10 d:/intelfpga_lite/18.0/nios2eds/bin/gnu/h-x86_64-mingw32/bin/../lib/gcc/nios2-elf/5.3.0/../../../../../H-x86_64-mingw32/nios2-elf/lib/mno-hw-mul\libc.a(lib_a-findfp.o)
                0x00000000100085a8                __sinit
 .text.__sfp_lock_acquire
                0x00000000100085b8        0x4 d:/intelfpga_lite/18.0/nios2eds/bin/gnu/h-x86_64-mingw32/bin/../lib/gcc/nios2-elf/5.3.0/../../../../../H-x86_64-mingw32/nios2-elf/lib/mno-hw-mul\libc.a(lib_a-findfp.o)
                0x00000000100085b8                __sfp_lock_acquire
 .text.__sfp_lock_release
                0x00000000100085bc        0x4 d:/intelfpga_lite/18.0/nios2eds/bin/gnu/h-x86_64-mingw32/bin/../lib/gcc/nios2-elf/5.3.0/../../../../../H-x86_64-mingw32/nios2-elf/lib/mno-hw-mul\libc.a(lib_a-findfp.o)
                0x00000000100085bc                __sfp_lock_release
 .text.__sinit_lock_acquire
                0x00000000100085c0        0x4 d:/intelfpga_lite/18.0/nios2eds/bin/gnu/h-x86_64-mingw32/bin/../lib/gcc/nios2-elf/5.3.0/../../../../../H-x86_64-mingw32/nios2-elf/lib/mno-hw-mul\libc.a(lib_a-findfp.o)
                0x00000000100085c0                __sinit_lock_acquire
 .text.__sinit_lock_release
                0x00000000100085c4        0x4 d:/intelfpga_lite/18.0/nios2eds/bin/gnu/h-x86_64-mingw32/bin/../lib/gcc/nios2-elf/5.3.0/../../../../../H-x86_64-mingw32/nios2-elf/lib/mno-hw-mul\libc.a(lib_a-findfp.o)
                0x00000000100085c4                __sinit_lock_release
 .text.__fp_lock_all
                0x00000000100085c8       0x18 d:/intelfpga_lite/18.0/nios2eds/bin/gnu/h-x86_64-mingw32/bin/../lib/gcc/nios2-elf/5.3.0/../../../../../H-x86_64-mingw32/nios2-elf/lib/mno-hw-mul\libc.a(lib_a-findfp.o)
                0x00000000100085c8                __fp_lock_all
 .text.__fp_unlock_all
                0x00000000100085e0       0x18 d:/intelfpga_lite/18.0/nios2eds/bin/gnu/h-x86_64-mingw32/bin/../lib/gcc/nios2-elf/5.3.0/../../../../../H-x86_64-mingw32/nios2-elf/lib/mno-hw-mul\libc.a(lib_a-findfp.o)
                0x00000000100085e0                __fp_unlock_all
 .text          0x00000000100085f8        0x0 d:/intelfpga_lite/18.0/nios2eds/bin/gnu/h-x86_64-mingw32/bin/../lib/gcc/nios2-elf/5.3.0/../../../../../H-x86_64-mingw32/nios2-elf/lib/mno-hw-mul\libc.a(lib_a-fread.o)
 .text._fread_r
                0x00000000100085f8      0x23c d:/intelfpga_lite/18.0/nios2eds/bin/gnu/h-x86_64-mingw32/bin/../lib/gcc/nios2-elf/5.3.0/../../../../../H-x86_64-mingw32/nios2-elf/lib/mno-hw-mul\libc.a(lib_a-fread.o)
                0x00000000100085f8                _fread_r
 .text.fread    0x0000000010008834       0x34 d:/intelfpga_lite/18.0/nios2eds/bin/gnu/h-x86_64-mingw32/bin/../lib/gcc/nios2-elf/5.3.0/../../../../../H-x86_64-mingw32/nios2-elf/lib/mno-hw-mul\libc.a(lib_a-fread.o)
                0x0000000010008834                fread
 .text          0x0000000010008868        0x0 d:/intelfpga_lite/18.0/nios2eds/bin/gnu/h-x86_64-mingw32/bin/../lib/gcc/nios2-elf/5.3.0/../../../../../H-x86_64-mingw32/nios2-elf/lib/mno-hw-mul\libc.a(lib_a-freer.o)
 .text._malloc_trim_r
                0x0000000010008868      0x124 d:/intelfpga_lite/18.0/nios2eds/bin/gnu/h-x86_64-mingw32/bin/../lib/gcc/nios2-elf/5.3.0/../../../../../H-x86_64-mingw32/nios2-elf/lib/mno-hw-mul\libc.a(lib_a-freer.o)
                0x0000000010008868                _malloc_trim_r
 .text._free_r  0x000000001000898c      0x310 d:/intelfpga_lite/18.0/nios2eds/bin/gnu/h-x86_64-mingw32/bin/../lib/gcc/nios2-elf/5.3.0/../../../../../H-x86_64-mingw32/nios2-elf/lib/mno-hw-mul\libc.a(lib_a-freer.o)
                0x000000001000898c                _free_r
 .text          0x0000000010008c9c        0x0 d:/intelfpga_lite/18.0/nios2eds/bin/gnu/h-x86_64-mingw32/bin/../lib/gcc/nios2-elf/5.3.0/../../../../../H-x86_64-mingw32/nios2-elf/lib/mno-hw-mul\libc.a(lib_a-fvwrite.o)
 .text.__sfvwrite_r
                0x0000000010008c9c      0x4c8 d:/intelfpga_lite/18.0/nios2eds/bin/gnu/h-x86_64-mingw32/bin/../lib/gcc/nios2-elf/5.3.0/../../../../../H-x86_64-mingw32/nios2-elf/lib/mno-hw-mul\libc.a(lib_a-fvwrite.o)
                0x0000000010008c9c                __sfvwrite_r
 .text          0x0000000010009164        0x0 d:/intelfpga_lite/18.0/nios2eds/bin/gnu/h-x86_64-mingw32/bin/../lib/gcc/nios2-elf/5.3.0/../../../../../H-x86_64-mingw32/nios2-elf/lib/mno-hw-mul\libc.a(lib_a-fwalk.o)
 .text._fwalk   0x0000000010009164       0xc4 d:/intelfpga_lite/18.0/nios2eds/bin/gnu/h-x86_64-mingw32/bin/../lib/gcc/nios2-elf/5.3.0/../../../../../H-x86_64-mingw32/nios2-elf/lib/mno-hw-mul\libc.a(lib_a-fwalk.o)
                0x0000000010009164                _fwalk
 .text._fwalk_reent
                0x0000000010009228       0xc4 d:/intelfpga_lite/18.0/nios2eds/bin/gnu/h-x86_64-mingw32/bin/../lib/gcc/nios2-elf/5.3.0/../../../../../H-x86_64-mingw32/nios2-elf/lib/mno-hw-mul\libc.a(lib_a-fwalk.o)
                0x0000000010009228                _fwalk_reent
 .text          0x00000000100092ec        0x0 d:/intelfpga_lite/18.0/nios2eds/bin/gnu/h-x86_64-mingw32/bin/../lib/gcc/nios2-elf/5.3.0/../../../../../H-x86_64-mingw32/nios2-elf/lib/mno-hw-mul\libc.a(lib_a-iswspace.o)
 .text.iswspace
                0x00000000100092ec       0x30 d:/intelfpga_lite/18.0/nios2eds/bin/gnu/h-x86_64-mingw32/bin/../lib/gcc/nios2-elf/5.3.0/../../../../../H-x86_64-mingw32/nios2-elf/lib/mno-hw-mul\libc.a(lib_a-iswspace.o)
                0x00000000100092ec                iswspace
 .text          0x000000001000931c        0x0 d:/intelfpga_lite/18.0/nios2eds/bin/gnu/h-x86_64-mingw32/bin/../lib/gcc/nios2-elf/5.3.0/../../../../../H-x86_64-mingw32/nios2-elf/lib/mno-hw-mul\libc.a(lib_a-locale.o)
 .text._setlocale_r
                0x000000001000931c       0x7c d:/intelfpga_lite/18.0/nios2eds/bin/gnu/h-x86_64-mingw32/bin/../lib/gcc/nios2-elf/5.3.0/../../../../../H-x86_64-mingw32/nios2-elf/lib/mno-hw-mul\libc.a(lib_a-locale.o)
                0x000000001000931c                _setlocale_r
 .text.__locale_charset
                0x0000000010009398        0xc d:/intelfpga_lite/18.0/nios2eds/bin/gnu/h-x86_64-mingw32/bin/../lib/gcc/nios2-elf/5.3.0/../../../../../H-x86_64-mingw32/nios2-elf/lib/mno-hw-mul\libc.a(lib_a-locale.o)
                0x0000000010009398                __locale_charset
 .text.__locale_mb_cur_max
                0x00000000100093a4       0x10 d:/intelfpga_lite/18.0/nios2eds/bin/gnu/h-x86_64-mingw32/bin/../lib/gcc/nios2-elf/5.3.0/../../../../../H-x86_64-mingw32/nios2-elf/lib/mno-hw-mul\libc.a(lib_a-locale.o)
                0x00000000100093a4                __locale_mb_cur_max
 .text.__locale_msgcharset
                0x00000000100093b4        0xc d:/intelfpga_lite/18.0/nios2eds/bin/gnu/h-x86_64-mingw32/bin/../lib/gcc/nios2-elf/5.3.0/../../../../../H-x86_64-mingw32/nios2-elf/lib/mno-hw-mul\libc.a(lib_a-locale.o)
                0x00000000100093b4                __locale_msgcharset
 .text.__locale_cjk_lang
                0x00000000100093c0        0x8 d:/intelfpga_lite/18.0/nios2eds/bin/gnu/h-x86_64-mingw32/bin/../lib/gcc/nios2-elf/5.3.0/../../../../../H-x86_64-mingw32/nios2-elf/lib/mno-hw-mul\libc.a(lib_a-locale.o)
                0x00000000100093c0                __locale_cjk_lang
 .text._localeconv_r
                0x00000000100093c8        0xc d:/intelfpga_lite/18.0/nios2eds/bin/gnu/h-x86_64-mingw32/bin/../lib/gcc/nios2-elf/5.3.0/../../../../../H-x86_64-mingw32/nios2-elf/lib/mno-hw-mul\libc.a(lib_a-locale.o)
                0x00000000100093c8                _localeconv_r
 .text.setlocale
                0x00000000100093d4       0x18 d:/intelfpga_lite/18.0/nios2eds/bin/gnu/h-x86_64-mingw32/bin/../lib/gcc/nios2-elf/5.3.0/../../../../../H-x86_64-mingw32/nios2-elf/lib/mno-hw-mul\libc.a(lib_a-locale.o)
                0x00000000100093d4                setlocale
 .text.localeconv
                0x00000000100093ec        0xc d:/intelfpga_lite/18.0/nios2eds/bin/gnu/h-x86_64-mingw32/bin/../lib/gcc/nios2-elf/5.3.0/../../../../../H-x86_64-mingw32/nios2-elf/lib/mno-hw-mul\libc.a(lib_a-locale.o)
                0x00000000100093ec                localeconv
 .text          0x00000000100093f8        0x0 d:/intelfpga_lite/18.0/nios2eds/bin/gnu/h-x86_64-mingw32/bin/../lib/gcc/nios2-elf/5.3.0/../../../../../H-x86_64-mingw32/nios2-elf/lib/mno-hw-mul\libc.a(lib_a-makebuf.o)
 .text.__smakebuf_r
                0x00000000100093f8      0x1bc d:/intelfpga_lite/18.0/nios2eds/bin/gnu/h-x86_64-mingw32/bin/../lib/gcc/nios2-elf/5.3.0/../../../../../H-x86_64-mingw32/nios2-elf/lib/mno-hw-mul\libc.a(lib_a-makebuf.o)
                0x00000000100093f8                __smakebuf_r
 .text          0x00000000100095b4        0x0 d:/intelfpga_lite/18.0/nios2eds/bin/gnu/h-x86_64-mingw32/bin/../lib/gcc/nios2-elf/5.3.0/../../../../../H-x86_64-mingw32/nios2-elf/lib/mno-hw-mul\libc.a(lib_a-mallocr.o)
 .text._malloc_r
                0x00000000100095b4      0x80c d:/intelfpga_lite/18.0/nios2eds/bin/gnu/h-x86_64-mingw32/bin/../lib/gcc/nios2-elf/5.3.0/../../../../../H-x86_64-mingw32/nios2-elf/lib/mno-hw-mul\libc.a(lib_a-mallocr.o)
                0x00000000100095b4                _malloc_r
 .text          0x0000000010009dc0        0x0 d:/intelfpga_lite/18.0/nios2eds/bin/gnu/h-x86_64-mingw32/bin/../lib/gcc/nios2-elf/5.3.0/../../../../../H-x86_64-mingw32/nios2-elf/lib/mno-hw-mul\libc.a(lib_a-mbrtowc.o)
 .text._mbrtowc_r
                0x0000000010009dc0       0xac d:/intelfpga_lite/18.0/nios2eds/bin/gnu/h-x86_64-mingw32/bin/../lib/gcc/nios2-elf/5.3.0/../../../../../H-x86_64-mingw32/nios2-elf/lib/mno-hw-mul\libc.a(lib_a-mbrtowc.o)
                0x0000000010009dc0                _mbrtowc_r
 .text.mbrtowc  0x0000000010009e6c       0xd8 d:/intelfpga_lite/18.0/nios2eds/bin/gnu/h-x86_64-mingw32/bin/../lib/gcc/nios2-elf/5.3.0/../../../../../H-x86_64-mingw32/nios2-elf/lib/mno-hw-mul\libc.a(lib_a-mbrtowc.o)
                0x0000000010009e6c                mbrtowc
 .text          0x0000000010009f44        0x0 d:/intelfpga_lite/18.0/nios2eds/bin/gnu/h-x86_64-mingw32/bin/../lib/gcc/nios2-elf/5.3.0/../../../../../H-x86_64-mingw32/nios2-elf/lib/mno-hw-mul\libc.a(lib_a-mbtowc_r.o)
 .text.__ascii_mbtowc
                0x0000000010009f44       0x44 d:/intelfpga_lite/18.0/nios2eds/bin/gnu/h-x86_64-mingw32/bin/../lib/gcc/nios2-elf/5.3.0/../../../../../H-x86_64-mingw32/nios2-elf/lib/mno-hw-mul\libc.a(lib_a-mbtowc_r.o)
                0x0000000010009f44                __ascii_mbtowc
 .text._mbtowc_r
                0x0000000010009f88       0x5c d:/intelfpga_lite/18.0/nios2eds/bin/gnu/h-x86_64-mingw32/bin/../lib/gcc/nios2-elf/5.3.0/../../../../../H-x86_64-mingw32/nios2-elf/lib/mno-hw-mul\libc.a(lib_a-mbtowc_r.o)
                0x0000000010009f88                _mbtowc_r
 .text          0x0000000010009fe4        0x0 d:/intelfpga_lite/18.0/nios2eds/bin/gnu/h-x86_64-mingw32/bin/../lib/gcc/nios2-elf/5.3.0/../../../../../H-x86_64-mingw32/nios2-elf/lib/mno-hw-mul\libc.a(lib_a-memchr.o)
 .text.memchr   0x0000000010009fe4       0xe4 d:/intelfpga_lite/18.0/nios2eds/bin/gnu/h-x86_64-mingw32/bin/../lib/gcc/nios2-elf/5.3.0/../../../../../H-x86_64-mingw32/nios2-elf/lib/mno-hw-mul\libc.a(lib_a-memchr.o)
                0x0000000010009fe4                memchr
 .text          0x000000001000a0c8        0x0 d:/intelfpga_lite/18.0/nios2eds/bin/gnu/h-x86_64-mingw32/bin/../lib/gcc/nios2-elf/5.3.0/../../../../../H-x86_64-mingw32/nios2-elf/lib/mno-hw-mul\libc.a(lib_a-memcpy.o)
 .text.memcpy   0x000000001000a0c8      0x148 d:/intelfpga_lite/18.0/nios2eds/bin/gnu/h-x86_64-mingw32/bin/../lib/gcc/nios2-elf/5.3.0/../../../../../H-x86_64-mingw32/nios2-elf/lib/mno-hw-mul\libc.a(lib_a-memcpy.o)
                0x000000001000a0c8                memcpy
 .text          0x000000001000a210        0x0 d:/intelfpga_lite/18.0/nios2eds/bin/gnu/h-x86_64-mingw32/bin/../lib/gcc/nios2-elf/5.3.0/../../../../../H-x86_64-mingw32/nios2-elf/lib/mno-hw-mul\libc.a(lib_a-memmove.o)
 .text.memmove  0x000000001000a210      0x15c d:/intelfpga_lite/18.0/nios2eds/bin/gnu/h-x86_64-mingw32/bin/../lib/gcc/nios2-elf/5.3.0/../../../../../H-x86_64-mingw32/nios2-elf/lib/mno-hw-mul\libc.a(lib_a-memmove.o)
                0x000000001000a210                memmove
 .text          0x000000001000a36c        0x0 d:/intelfpga_lite/18.0/nios2eds/bin/gnu/h-x86_64-mingw32/bin/../lib/gcc/nios2-elf/5.3.0/../../../../../H-x86_64-mingw32/nios2-elf/lib/mno-hw-mul\libc.a(lib_a-memset.o)
 .text.memset   0x000000001000a36c      0x128 d:/intelfpga_lite/18.0/nios2eds/bin/gnu/h-x86_64-mingw32/bin/../lib/gcc/nios2-elf/5.3.0/../../../../../H-x86_64-mingw32/nios2-elf/lib/mno-hw-mul\libc.a(lib_a-memset.o)
                0x000000001000a36c                memset
 .text          0x000000001000a494        0x0 d:/intelfpga_lite/18.0/nios2eds/bin/gnu/h-x86_64-mingw32/bin/../lib/gcc/nios2-elf/5.3.0/../../../../../H-x86_64-mingw32/nios2-elf/lib/mno-hw-mul\libc.a(lib_a-mprec.o)
 .text._Balloc  0x000000001000a494       0xa8 d:/intelfpga_lite/18.0/nios2eds/bin/gnu/h-x86_64-mingw32/bin/../lib/gcc/nios2-elf/5.3.0/../../../../../H-x86_64-mingw32/nios2-elf/lib/mno-hw-mul\libc.a(lib_a-mprec.o)
                0x000000001000a494                _Balloc
 .text._Bfree   0x000000001000a53c       0x28 d:/intelfpga_lite/18.0/nios2eds/bin/gnu/h-x86_64-mingw32/bin/../lib/gcc/nios2-elf/5.3.0/../../../../../H-x86_64-mingw32/nios2-elf/lib/mno-hw-mul\libc.a(lib_a-mprec.o)
                0x000000001000a53c                _Bfree
 .text.__multadd
                0x000000001000a564      0x148 d:/intelfpga_lite/18.0/nios2eds/bin/gnu/h-x86_64-mingw32/bin/../lib/gcc/nios2-elf/5.3.0/../../../../../H-x86_64-mingw32/nios2-elf/lib/mno-hw-mul\libc.a(lib_a-mprec.o)
                0x000000001000a564                __multadd
 .text.__s2b    0x000000001000a6ac      0x104 d:/intelfpga_lite/18.0/nios2eds/bin/gnu/h-x86_64-mingw32/bin/../lib/gcc/nios2-elf/5.3.0/../../../../../H-x86_64-mingw32/nios2-elf/lib/mno-hw-mul\libc.a(lib_a-mprec.o)
                0x000000001000a6ac                __s2b
 .text.__hi0bits
                0x000000001000a7b0       0x68 d:/intelfpga_lite/18.0/nios2eds/bin/gnu/h-x86_64-mingw32/bin/../lib/gcc/nios2-elf/5.3.0/../../../../../H-x86_64-mingw32/nios2-elf/lib/mno-hw-mul\libc.a(lib_a-mprec.o)
                0x000000001000a7b0                __hi0bits
 .text.__lo0bits
                0x000000001000a818       0xb0 d:/intelfpga_lite/18.0/nios2eds/bin/gnu/h-x86_64-mingw32/bin/../lib/gcc/nios2-elf/5.3.0/../../../../../H-x86_64-mingw32/nios2-elf/lib/mno-hw-mul\libc.a(lib_a-mprec.o)
                0x000000001000a818                __lo0bits
 .text.__i2b    0x000000001000a8c8       0x3c d:/intelfpga_lite/18.0/nios2eds/bin/gnu/h-x86_64-mingw32/bin/../lib/gcc/nios2-elf/5.3.0/../../../../../H-x86_64-mingw32/nios2-elf/lib/mno-hw-mul\libc.a(lib_a-mprec.o)
                0x000000001000a8c8                __i2b
 .text.__multiply
                0x000000001000a904      0x28c d:/intelfpga_lite/18.0/nios2eds/bin/gnu/h-x86_64-mingw32/bin/../lib/gcc/nios2-elf/5.3.0/../../../../../H-x86_64-mingw32/nios2-elf/lib/mno-hw-mul\libc.a(lib_a-mprec.o)
                0x000000001000a904                __multiply
 .text.__pow5mult
                0x000000001000ab90      0x140 d:/intelfpga_lite/18.0/nios2eds/bin/gnu/h-x86_64-mingw32/bin/../lib/gcc/nios2-elf/5.3.0/../../../../../H-x86_64-mingw32/nios2-elf/lib/mno-hw-mul\libc.a(lib_a-mprec.o)
                0x000000001000ab90                __pow5mult
 .text.__lshift
                0x000000001000acd0      0x148 d:/intelfpga_lite/18.0/nios2eds/bin/gnu/h-x86_64-mingw32/bin/../lib/gcc/nios2-elf/5.3.0/../../../../../H-x86_64-mingw32/nios2-elf/lib/mno-hw-mul\libc.a(lib_a-mprec.o)
                0x000000001000acd0                __lshift
 .text.__mcmp   0x000000001000ae18       0x60 d:/intelfpga_lite/18.0/nios2eds/bin/gnu/h-x86_64-mingw32/bin/../lib/gcc/nios2-elf/5.3.0/../../../../../H-x86_64-mingw32/nios2-elf/lib/mno-hw-mul\libc.a(lib_a-mprec.o)
                0x000000001000ae18                __mcmp
 .text.__mdiff  0x000000001000ae78      0x1fc d:/intelfpga_lite/18.0/nios2eds/bin/gnu/h-x86_64-mingw32/bin/../lib/gcc/nios2-elf/5.3.0/../../../../../H-x86_64-mingw32/nios2-elf/lib/mno-hw-mul\libc.a(lib_a-mprec.o)
                0x000000001000ae78                __mdiff
 .text.__ulp    0x000000001000b074       0x64 d:/intelfpga_lite/18.0/nios2eds/bin/gnu/h-x86_64-mingw32/bin/../lib/gcc/nios2-elf/5.3.0/../../../../../H-x86_64-mingw32/nios2-elf/lib/mno-hw-mul\libc.a(lib_a-mprec.o)
                0x000000001000b074                __ulp
 .text.__b2d    0x000000001000b0d8      0x10c d:/intelfpga_lite/18.0/nios2eds/bin/gnu/h-x86_64-mingw32/bin/../lib/gcc/nios2-elf/5.3.0/../../../../../H-x86_64-mingw32/nios2-elf/lib/mno-hw-mul\libc.a(lib_a-mprec.o)
                0x000000001000b0d8                __b2d
 .text.__d2b    0x000000001000b1e4      0x14c d:/intelfpga_lite/18.0/nios2eds/bin/gnu/h-x86_64-mingw32/bin/../lib/gcc/nios2-elf/5.3.0/../../../../../H-x86_64-mingw32/nios2-elf/lib/mno-hw-mul\libc.a(lib_a-mprec.o)
                0x000000001000b1e4                __d2b
 .text.__ratio  0x000000001000b330       0xa4 d:/intelfpga_lite/18.0/nios2eds/bin/gnu/h-x86_64-mingw32/bin/../lib/gcc/nios2-elf/5.3.0/../../../../../H-x86_64-mingw32/nios2-elf/lib/mno-hw-mul\libc.a(lib_a-mprec.o)
                0x000000001000b330                __ratio
 .text._mprec_log10
                0x000000001000b3d4       0x74 d:/intelfpga_lite/18.0/nios2eds/bin/gnu/h-x86_64-mingw32/bin/../lib/gcc/nios2-elf/5.3.0/../../../../../H-x86_64-mingw32/nios2-elf/lib/mno-hw-mul\libc.a(lib_a-mprec.o)
                0x000000001000b3d4                _mprec_log10
 .text.__copybits
                0x000000001000b448       0x78 d:/intelfpga_lite/18.0/nios2eds/bin/gnu/h-x86_64-mingw32/bin/../lib/gcc/nios2-elf/5.3.0/../../../../../H-x86_64-mingw32/nios2-elf/lib/mno-hw-mul\libc.a(lib_a-mprec.o)
                0x000000001000b448                __copybits
 .text.__any_on
                0x000000001000b4c0       0x8c d:/intelfpga_lite/18.0/nios2eds/bin/gnu/h-x86_64-mingw32/bin/../lib/gcc/nios2-elf/5.3.0/../../../../../H-x86_64-mingw32/nios2-elf/lib/mno-hw-mul\libc.a(lib_a-mprec.o)
                0x000000001000b4c0                __any_on
 .text          0x000000001000b54c        0x0 d:/intelfpga_lite/18.0/nios2eds/bin/gnu/h-x86_64-mingw32/bin/../lib/gcc/nios2-elf/5.3.0/../../../../../H-x86_64-mingw32/nios2-elf/lib/mno-hw-mul\libc.a(lib_a-putc.o)
 .text._putc_r  0x000000001000b54c       0xa0 d:/intelfpga_lite/18.0/nios2eds/bin/gnu/h-x86_64-mingw32/bin/../lib/gcc/nios2-elf/5.3.0/../../../../../H-x86_64-mingw32/nios2-elf/lib/mno-hw-mul\libc.a(lib_a-putc.o)
                0x000000001000b54c                _putc_r
 .text.putc     0x000000001000b5ec       0xc8 d:/intelfpga_lite/18.0/nios2eds/bin/gnu/h-x86_64-mingw32/bin/../lib/gcc/nios2-elf/5.3.0/../../../../../H-x86_64-mingw32/nios2-elf/lib/mno-hw-mul\libc.a(lib_a-putc.o)
                0x000000001000b5ec                putc
 .text          0x000000001000b6b4        0x0 d:/intelfpga_lite/18.0/nios2eds/bin/gnu/h-x86_64-mingw32/bin/../lib/gcc/nios2-elf/5.3.0/../../../../../H-x86_64-mingw32/nios2-elf/lib/mno-hw-mul\libc.a(lib_a-reallocr.o)
 .text._realloc_r
                0x000000001000b6b4      0x564 d:/intelfpga_lite/18.0/nios2eds/bin/gnu/h-x86_64-mingw32/bin/../lib/gcc/nios2-elf/5.3.0/../../../../../H-x86_64-mingw32/nios2-elf/lib/mno-hw-mul\libc.a(lib_a-reallocr.o)
                0x000000001000b6b4                _realloc_r
 .text          0x000000001000bc18        0x0 d:/intelfpga_lite/18.0/nios2eds/bin/gnu/h-x86_64-mingw32/bin/../lib/gcc/nios2-elf/5.3.0/../../../../../H-x86_64-mingw32/nios2-elf/lib/mno-hw-mul\libc.a(lib_a-refill.o)
 .text.lflush   0x000000001000bc18       0x1c d:/intelfpga_lite/18.0/nios2eds/bin/gnu/h-x86_64-mingw32/bin/../lib/gcc/nios2-elf/5.3.0/../../../../../H-x86_64-mingw32/nios2-elf/lib/mno-hw-mul\libc.a(lib_a-refill.o)
 .text.__srefill_r
                0x000000001000bc34      0x1d4 d:/intelfpga_lite/18.0/nios2eds/bin/gnu/h-x86_64-mingw32/bin/../lib/gcc/nios2-elf/5.3.0/../../../../../H-x86_64-mingw32/nios2-elf/lib/mno-hw-mul\libc.a(lib_a-refill.o)
                0x000000001000bc34                __srefill_r
 .text          0x000000001000be08        0x0 d:/intelfpga_lite/18.0/nios2eds/bin/gnu/h-x86_64-mingw32/bin/../lib/gcc/nios2-elf/5.3.0/../../../../../H-x86_64-mingw32/nios2-elf/lib/mno-hw-mul\libc.a(lib_a-s_fpclassify.o)
 .text.__fpclassifyd
                0x000000001000be08       0x74 d:/intelfpga_lite/18.0/nios2eds/bin/gnu/h-x86_64-mingw32/bin/../lib/gcc/nios2-elf/5.3.0/../../../../../H-x86_64-mingw32/nios2-elf/lib/mno-hw-mul\libc.a(lib_a-s_fpclassify.o)
                0x000000001000be08                __fpclassifyd
 .text          0x000000001000be7c        0x0 d:/intelfpga_lite/18.0/nios2eds/bin/gnu/h-x86_64-mingw32/bin/../lib/gcc/nios2-elf/5.3.0/../../../../../H-x86_64-mingw32/nios2-elf/lib/mno-hw-mul\libc.a(lib_a-sbrkr.o)
 .text._sbrk_r  0x000000001000be7c       0x54 d:/intelfpga_lite/18.0/nios2eds/bin/gnu/h-x86_64-mingw32/bin/../lib/gcc/nios2-elf/5.3.0/../../../../../H-x86_64-mingw32/nios2-elf/lib/mno-hw-mul\libc.a(lib_a-sbrkr.o)
                0x000000001000be7c                _sbrk_r
 .text          0x000000001000bed0        0x0 d:/intelfpga_lite/18.0/nios2eds/bin/gnu/h-x86_64-mingw32/bin/../lib/gcc/nios2-elf/5.3.0/../../../../../H-x86_64-mingw32/nios2-elf/lib/mno-hw-mul\libc.a(lib_a-sccl.o)
 .text.__sccl   0x000000001000bed0       0xd0 d:/intelfpga_lite/18.0/nios2eds/bin/gnu/h-x86_64-mingw32/bin/../lib/gcc/nios2-elf/5.3.0/../../../../../H-x86_64-mingw32/nios2-elf/lib/mno-hw-mul\libc.a(lib_a-sccl.o)
                0x000000001000bed0                __sccl
 .text          0x000000001000bfa0        0x0 d:/intelfpga_lite/18.0/nios2eds/bin/gnu/h-x86_64-mingw32/bin/../lib/gcc/nios2-elf/5.3.0/../../../../../H-x86_64-mingw32/nios2-elf/lib/mno-hw-mul\libc.a(lib_a-sf_nan.o)
 .text.nanf     0x000000001000bfa0        0x8 d:/intelfpga_lite/18.0/nios2eds/bin/gnu/h-x86_64-mingw32/bin/../lib/gcc/nios2-elf/5.3.0/../../../../../H-x86_64-mingw32/nios2-elf/lib/mno-hw-mul\libc.a(lib_a-sf_nan.o)
                0x000000001000bfa0                nanf
 .text          0x000000001000bfa8        0x0 d:/intelfpga_lite/18.0/nios2eds/bin/gnu/h-x86_64-mingw32/bin/../lib/gcc/nios2-elf/5.3.0/../../../../../H-x86_64-mingw32/nios2-elf/lib/mno-hw-mul\libc.a(lib_a-sprintf.o)
 .text._sprintf_r
                0x000000001000bfa8       0x58 d:/intelfpga_lite/18.0/nios2eds/bin/gnu/h-x86_64-mingw32/bin/../lib/gcc/nios2-elf/5.3.0/../../../../../H-x86_64-mingw32/nios2-elf/lib/mno-hw-mul\libc.a(lib_a-sprintf.o)
                0x000000001000bfa8                _sprintf_r
 .text.sprintf  0x000000001000c000       0x6c d:/intelfpga_lite/18.0/nios2eds/bin/gnu/h-x86_64-mingw32/bin/../lib/gcc/nios2-elf/5.3.0/../../../../../H-x86_64-mingw32/nios2-elf/lib/mno-hw-mul\libc.a(lib_a-sprintf.o)
                0x000000001000c000                sprintf
 .text          0x000000001000c06c        0x0 d:/intelfpga_lite/18.0/nios2eds/bin/gnu/h-x86_64-mingw32/bin/../lib/gcc/nios2-elf/5.3.0/../../../../../H-x86_64-mingw32/nios2-elf/lib/mno-hw-mul\libc.a(lib_a-stdio.o)
 .text.__sread  0x000000001000c06c       0x54 d:/intelfpga_lite/18.0/nios2eds/bin/gnu/h-x86_64-mingw32/bin/../lib/gcc/nios2-elf/5.3.0/../../../../../H-x86_64-mingw32/nios2-elf/lib/mno-hw-mul\libc.a(lib_a-stdio.o)
                0x000000001000c06c                __sread
 .text.__seofread
                0x000000001000c0c0        0x8 d:/intelfpga_lite/18.0/nios2eds/bin/gnu/h-x86_64-mingw32/bin/../lib/gcc/nios2-elf/5.3.0/../../../../../H-x86_64-mingw32/nios2-elf/lib/mno-hw-mul\libc.a(lib_a-stdio.o)
                0x000000001000c0c0                __seofread
 .text.__swrite
                0x000000001000c0c8       0x7c d:/intelfpga_lite/18.0/nios2eds/bin/gnu/h-x86_64-mingw32/bin/../lib/gcc/nios2-elf/5.3.0/../../../../../H-x86_64-mingw32/nios2-elf/lib/mno-hw-mul\libc.a(lib_a-stdio.o)
                0x000000001000c0c8                __swrite
 .text.__sseek  0x000000001000c144       0x5c d:/intelfpga_lite/18.0/nios2eds/bin/gnu/h-x86_64-mingw32/bin/../lib/gcc/nios2-elf/5.3.0/../../../../../H-x86_64-mingw32/nios2-elf/lib/mno-hw-mul\libc.a(lib_a-stdio.o)
                0x000000001000c144                __sseek
 .text.__sclose
                0x000000001000c1a0        0x8 d:/intelfpga_lite/18.0/nios2eds/bin/gnu/h-x86_64-mingw32/bin/../lib/gcc/nios2-elf/5.3.0/../../../../../H-x86_64-mingw32/nios2-elf/lib/mno-hw-mul\libc.a(lib_a-stdio.o)
                0x000000001000c1a0                __sclose
 .text          0x000000001000c1a8        0x0 d:/intelfpga_lite/18.0/nios2eds/bin/gnu/h-x86_64-mingw32/bin/../lib/gcc/nios2-elf/5.3.0/../../../../../H-x86_64-mingw32/nios2-elf/lib/mno-hw-mul\libc.a(lib_a-strcmp.o)
 .text.strcmp   0x000000001000c1a8       0xdc d:/intelfpga_lite/18.0/nios2eds/bin/gnu/h-x86_64-mingw32/bin/../lib/gcc/nios2-elf/5.3.0/../../../../../H-x86_64-mingw32/nios2-elf/lib/mno-hw-mul\libc.a(lib_a-strcmp.o)
                0x000000001000c1a8                strcmp
 .text          0x000000001000c284        0x0 d:/intelfpga_lite/18.0/nios2eds/bin/gnu/h-x86_64-mingw32/bin/../lib/gcc/nios2-elf/5.3.0/../../../../../H-x86_64-mingw32/nios2-elf/lib/mno-hw-mul\libc.a(lib_a-strtod.o)
 .text.sulp     0x000000001000c284       0x64 d:/intelfpga_lite/18.0/nios2eds/bin/gnu/h-x86_64-mingw32/bin/../lib/gcc/nios2-elf/5.3.0/../../../../../H-x86_64-mingw32/nios2-elf/lib/mno-hw-mul\libc.a(lib_a-strtod.o)
 .text._strtod_r
                0x000000001000c2e8     0x15e4 d:/intelfpga_lite/18.0/nios2eds/bin/gnu/h-x86_64-mingw32/bin/../lib/gcc/nios2-elf/5.3.0/../../../../../H-x86_64-mingw32/nios2-elf/lib/mno-hw-mul\libc.a(lib_a-strtod.o)
                0x000000001000c2e8                _strtod_r
 .text.strtod   0x000000001000d8cc       0x18 d:/intelfpga_lite/18.0/nios2eds/bin/gnu/h-x86_64-mingw32/bin/../lib/gcc/nios2-elf/5.3.0/../../../../../H-x86_64-mingw32/nios2-elf/lib/mno-hw-mul\libc.a(lib_a-strtod.o)
                0x000000001000d8cc                strtod
 .text.strtof   0x000000001000d8e4      0x100 d:/intelfpga_lite/18.0/nios2eds/bin/gnu/h-x86_64-mingw32/bin/../lib/gcc/nios2-elf/5.3.0/../../../../../H-x86_64-mingw32/nios2-elf/lib/mno-hw-mul\libc.a(lib_a-strtod.o)
                0x000000001000d8e4                strtof
 .text          0x000000001000d9e4        0x0 d:/intelfpga_lite/18.0/nios2eds/bin/gnu/h-x86_64-mingw32/bin/../lib/gcc/nios2-elf/5.3.0/../../../../../H-x86_64-mingw32/nios2-elf/lib/mno-hw-mul\libc.a(lib_a-strtol.o)
 .text._strtol_r
                0x000000001000d9e4      0x258 d:/intelfpga_lite/18.0/nios2eds/bin/gnu/h-x86_64-mingw32/bin/../lib/gcc/nios2-elf/5.3.0/../../../../../H-x86_64-mingw32/nios2-elf/lib/mno-hw-mul\libc.a(lib_a-strtol.o)
                0x000000001000d9e4                _strtol_r
 .text.strtol   0x000000001000dc3c       0x1c d:/intelfpga_lite/18.0/nios2eds/bin/gnu/h-x86_64-mingw32/bin/../lib/gcc/nios2-elf/5.3.0/../../../../../H-x86_64-mingw32/nios2-elf/lib/mno-hw-mul\libc.a(lib_a-strtol.o)
                0x000000001000dc3c                strtol
 .text          0x000000001000dc58        0x0 d:/intelfpga_lite/18.0/nios2eds/bin/gnu/h-x86_64-mingw32/bin/../lib/gcc/nios2-elf/5.3.0/../../../../../H-x86_64-mingw32/nios2-elf/lib/mno-hw-mul\libc.a(lib_a-strtoll_r.o)
 .text._strtoll_r
                0x000000001000dc58      0x304 d:/intelfpga_lite/18.0/nios2eds/bin/gnu/h-x86_64-mingw32/bin/../lib/gcc/nios2-elf/5.3.0/../../../../../H-x86_64-mingw32/nios2-elf/lib/mno-hw-mul\libc.a(lib_a-strtoll_r.o)
                0x000000001000dc58                _strtoll_r
 .text          0x000000001000df5c        0x0 d:/intelfpga_lite/18.0/nios2eds/bin/gnu/h-x86_64-mingw32/bin/../lib/gcc/nios2-elf/5.3.0/../../../../../H-x86_64-mingw32/nios2-elf/lib/mno-hw-mul\libc.a(lib_a-strtoul.o)
 .text._strtoul_r
                0x000000001000df5c      0x278 d:/intelfpga_lite/18.0/nios2eds/bin/gnu/h-x86_64-mingw32/bin/../lib/gcc/nios2-elf/5.3.0/../../../../../H-x86_64-mingw32/nios2-elf/lib/mno-hw-mul\libc.a(lib_a-strtoul.o)
                0x000000001000df5c                _strtoul_r
 .text.strtoul  0x000000001000e1d4       0x1c d:/intelfpga_lite/18.0/nios2eds/bin/gnu/h-x86_64-mingw32/bin/../lib/gcc/nios2-elf/5.3.0/../../../../../H-x86_64-mingw32/nios2-elf/lib/mno-hw-mul\libc.a(lib_a-strtoul.o)
                0x000000001000e1d4                strtoul
 .text          0x000000001000e1f0        0x0 d:/intelfpga_lite/18.0/nios2eds/bin/gnu/h-x86_64-mingw32/bin/../lib/gcc/nios2-elf/5.3.0/../../../../../H-x86_64-mingw32/nios2-elf/lib/mno-hw-mul\libc.a(lib_a-strtoull_r.o)
 .text._strtoull_r
                0x000000001000e1f0      0x320 d:/intelfpga_lite/18.0/nios2eds/bin/gnu/h-x86_64-mingw32/bin/../lib/gcc/nios2-elf/5.3.0/../../../../../H-x86_64-mingw32/nios2-elf/lib/mno-hw-mul\libc.a(lib_a-strtoull_r.o)
                0x000000001000e1f0                _strtoull_r
 .text          0x000000001000e510        0x0 d:/intelfpga_lite/18.0/nios2eds/bin/gnu/h-x86_64-mingw32/bin/../lib/gcc/nios2-elf/5.3.0/../../../../../H-x86_64-mingw32/nios2-elf/lib/mno-hw-mul\libc.a(lib_a-svfprintf.o)
 .text.___svfprintf_internal_r
                0x000000001000e510     0x22bc d:/intelfpga_lite/18.0/nios2eds/bin/gnu/h-x86_64-mingw32/bin/../lib/gcc/nios2-elf/5.3.0/../../../../../H-x86_64-mingw32/nios2-elf/lib/mno-hw-mul\libc.a(lib_a-svfprintf.o)
                0x000000001000e510                ___svfprintf_internal_r
 .text          0x00000000100107cc        0x0 d:/intelfpga_lite/18.0/nios2eds/bin/gnu/h-x86_64-mingw32/bin/../lib/gcc/nios2-elf/5.3.0/../../../../../H-x86_64-mingw32/nios2-elf/lib/mno-hw-mul\libc.a(lib_a-ungetc.o)
 .text.__submore
                0x00000000100107cc       0xd4 d:/intelfpga_lite/18.0/nios2eds/bin/gnu/h-x86_64-mingw32/bin/../lib/gcc/nios2-elf/5.3.0/../../../../../H-x86_64-mingw32/nios2-elf/lib/mno-hw-mul\libc.a(lib_a-ungetc.o)
                0x00000000100107cc                __submore
 .text._ungetc_r
                0x00000000100108a0      0x194 d:/intelfpga_lite/18.0/nios2eds/bin/gnu/h-x86_64-mingw32/bin/../lib/gcc/nios2-elf/5.3.0/../../../../../H-x86_64-mingw32/nios2-elf/lib/mno-hw-mul\libc.a(lib_a-ungetc.o)
                0x00000000100108a0                _ungetc_r
 .text.ungetc   0x0000000010010a34       0x18 d:/intelfpga_lite/18.0/nios2eds/bin/gnu/h-x86_64-mingw32/bin/../lib/gcc/nios2-elf/5.3.0/../../../../../H-x86_64-mingw32/nios2-elf/lib/mno-hw-mul\libc.a(lib_a-ungetc.o)
                0x0000000010010a34                ungetc
 .text          0x0000000010010a4c        0x0 d:/intelfpga_lite/18.0/nios2eds/bin/gnu/h-x86_64-mingw32/bin/../lib/gcc/nios2-elf/5.3.0/../../../../../H-x86_64-mingw32/nios2-elf/lib/mno-hw-mul\libc.a(lib_a-vfiprintf.o)
 .text.__sprint_r.part.0
                0x0000000010010a4c       0xfc d:/intelfpga_lite/18.0/nios2eds/bin/gnu/h-x86_64-mingw32/bin/../lib/gcc/nios2-elf/5.3.0/../../../../../H-x86_64-mingw32/nios2-elf/lib/mno-hw-mul\libc.a(lib_a-vfiprintf.o)
 .text.__sprint_r
                0x0000000010010b48       0x18 d:/intelfpga_lite/18.0/nios2eds/bin/gnu/h-x86_64-mingw32/bin/../lib/gcc/nios2-elf/5.3.0/../../../../../H-x86_64-mingw32/nios2-elf/lib/mno-hw-mul\libc.a(lib_a-vfiprintf.o)
                0x0000000010010b48                __sprint_r
 .text.___vfiprintf_internal_r
                0x0000000010010b60     0x150c d:/intelfpga_lite/18.0/nios2eds/bin/gnu/h-x86_64-mingw32/bin/../lib/gcc/nios2-elf/5.3.0/../../../../../H-x86_64-mingw32/nios2-elf/lib/mno-hw-mul\libc.a(lib_a-vfiprintf.o)
                0x0000000010010b60                ___vfiprintf_internal_r
 .text.__vfiprintf_internal
                0x000000001001206c       0x1c d:/intelfpga_lite/18.0/nios2eds/bin/gnu/h-x86_64-mingw32/bin/../lib/gcc/nios2-elf/5.3.0/../../../../../H-x86_64-mingw32/nios2-elf/lib/mno-hw-mul\libc.a(lib_a-vfiprintf.o)
                0x000000001001206c                __vfiprintf_internal
 .text.__sbprintf
                0x0000000010012088       0xbc d:/intelfpga_lite/18.0/nios2eds/bin/gnu/h-x86_64-mingw32/bin/../lib/gcc/nios2-elf/5.3.0/../../../../../H-x86_64-mingw32/nios2-elf/lib/mno-hw-mul\libc.a(lib_a-vfiprintf.o)
 .text          0x0000000010012144        0x0 d:/intelfpga_lite/18.0/nios2eds/bin/gnu/h-x86_64-mingw32/bin/../lib/gcc/nios2-elf/5.3.0/../../../../../H-x86_64-mingw32/nios2-elf/lib/mno-hw-mul\libc.a(lib_a-wbuf.o)
 .text.__swbuf_r
                0x0000000010012144      0x140 d:/intelfpga_lite/18.0/nios2eds/bin/gnu/h-x86_64-mingw32/bin/../lib/gcc/nios2-elf/5.3.0/../../../../../H-x86_64-mingw32/nios2-elf/lib/mno-hw-mul\libc.a(lib_a-wbuf.o)
                0x0000000010012144                __swbuf_r
 .text.__swbuf  0x0000000010012284       0x18 d:/intelfpga_lite/18.0/nios2eds/bin/gnu/h-x86_64-mingw32/bin/../lib/gcc/nios2-elf/5.3.0/../../../../../H-x86_64-mingw32/nios2-elf/lib/mno-hw-mul\libc.a(lib_a-wbuf.o)
                0x0000000010012284                __swbuf
 .text          0x000000001001229c        0x0 d:/intelfpga_lite/18.0/nios2eds/bin/gnu/h-x86_64-mingw32/bin/../lib/gcc/nios2-elf/5.3.0/../../../../../H-x86_64-mingw32/nios2-elf/lib/mno-hw-mul\libc.a(lib_a-writer.o)
 .text._write_r
                0x000000001001229c       0x60 d:/intelfpga_lite/18.0/nios2eds/bin/gnu/h-x86_64-mingw32/bin/../lib/gcc/nios2-elf/5.3.0/../../../../../H-x86_64-mingw32/nios2-elf/lib/mno-hw-mul\libc.a(lib_a-writer.o)
                0x000000001001229c                _write_r
 .text          0x00000000100122fc        0x0 d:/intelfpga_lite/18.0/nios2eds/bin/gnu/h-x86_64-mingw32/bin/../lib/gcc/nios2-elf/5.3.0/../../../../../H-x86_64-mingw32/nios2-elf/lib/mno-hw-mul\libc.a(closer.o)
 .text._close_r
                0x00000000100122fc       0x54 d:/intelfpga_lite/18.0/nios2eds/bin/gnu/h-x86_64-mingw32/bin/../lib/gcc/nios2-elf/5.3.0/../../../../../H-x86_64-mingw32/nios2-elf/lib/mno-hw-mul\libc.a(closer.o)
                0x00000000100122fc                _close_r
 .text          0x0000000010012350        0x0 d:/intelfpga_lite/18.0/nios2eds/bin/gnu/h-x86_64-mingw32/bin/../lib/gcc/nios2-elf/5.3.0/../../../../../H-x86_64-mingw32/nios2-elf/lib/mno-hw-mul\libc.a(lib_a-callocr.o)
 .text._calloc_r
                0x0000000010012350       0xdc d:/intelfpga_lite/18.0/nios2eds/bin/gnu/h-x86_64-mingw32/bin/../lib/gcc/nios2-elf/5.3.0/../../../../../H-x86_64-mingw32/nios2-elf/lib/mno-hw-mul\libc.a(lib_a-callocr.o)
                0x0000000010012350                _calloc_r
 .text          0x000000001001242c        0x0 d:/intelfpga_lite/18.0/nios2eds/bin/gnu/h-x86_64-mingw32/bin/../lib/gcc/nios2-elf/5.3.0/../../../../../H-x86_64-mingw32/nios2-elf/lib/mno-hw-mul\libc.a(lib_a-fclose.o)
 .text._fclose_r
                0x000000001001242c       0xf0 d:/intelfpga_lite/18.0/nios2eds/bin/gnu/h-x86_64-mingw32/bin/../lib/gcc/nios2-elf/5.3.0/../../../../../H-x86_64-mingw32/nios2-elf/lib/mno-hw-mul\libc.a(lib_a-fclose.o)
                0x000000001001242c                _fclose_r
 .text.fclose   0x000000001001251c       0x14 d:/intelfpga_lite/18.0/nios2eds/bin/gnu/h-x86_64-mingw32/bin/../lib/gcc/nios2-elf/5.3.0/../../../../../H-x86_64-mingw32/nios2-elf/lib/mno-hw-mul\libc.a(lib_a-fclose.o)
                0x000000001001251c                fclose
 .text          0x0000000010012530        0x0 d:/intelfpga_lite/18.0/nios2eds/bin/gnu/h-x86_64-mingw32/bin/../lib/gcc/nios2-elf/5.3.0/../../../../../H-x86_64-mingw32/nios2-elf/lib/mno-hw-mul\libc.a(lib_a-fputwc.o)
 .text.__fputwc
                0x0000000010012530      0x164 d:/intelfpga_lite/18.0/nios2eds/bin/gnu/h-x86_64-mingw32/bin/../lib/gcc/nios2-elf/5.3.0/../../../../../H-x86_64-mingw32/nios2-elf/lib/mno-hw-mul\libc.a(lib_a-fputwc.o)
                0x0000000010012530                __fputwc
 .text._fputwc_r
                0x0000000010012694       0x24 d:/intelfpga_lite/18.0/nios2eds/bin/gnu/h-x86_64-mingw32/bin/../lib/gcc/nios2-elf/5.3.0/../../../../../H-x86_64-mingw32/nios2-elf/lib/mno-hw-mul\libc.a(lib_a-fputwc.o)
                0x0000000010012694                _fputwc_r
 .text.fputwc   0x00000000100126b8       0x80 d:/intelfpga_lite/18.0/nios2eds/bin/gnu/h-x86_64-mingw32/bin/../lib/gcc/nios2-elf/5.3.0/../../../../../H-x86_64-mingw32/nios2-elf/lib/mno-hw-mul\libc.a(lib_a-fputwc.o)
                0x00000000100126b8                fputwc
 .text          0x0000000010012738        0x0 d:/intelfpga_lite/18.0/nios2eds/bin/gnu/h-x86_64-mingw32/bin/../lib/gcc/nios2-elf/5.3.0/../../../../../H-x86_64-mingw32/nios2-elf/lib/mno-hw-mul\libc.a(lib_a-fstatr.o)
 .text._fstat_r
                0x0000000010012738       0x5c d:/intelfpga_lite/18.0/nios2eds/bin/gnu/h-x86_64-mingw32/bin/../lib/gcc/nios2-elf/5.3.0/../../../../../H-x86_64-mingw32/nios2-elf/lib/mno-hw-mul\libc.a(lib_a-fstatr.o)
                0x0000000010012738                _fstat_r
 .text          0x0000000010012794        0x0 d:/intelfpga_lite/18.0/nios2eds/bin/gnu/h-x86_64-mingw32/bin/../lib/gcc/nios2-elf/5.3.0/../../../../../H-x86_64-mingw32/nios2-elf/lib/mno-hw-mul\libc.a(lib_a-gdtoa-gethex.o)
 .text.rshift   0x0000000010012794      0x100 d:/intelfpga_lite/18.0/nios2eds/bin/gnu/h-x86_64-mingw32/bin/../lib/gcc/nios2-elf/5.3.0/../../../../../H-x86_64-mingw32/nios2-elf/lib/mno-hw-mul\libc.a(lib_a-gdtoa-gethex.o)
 .text.__gethex
                0x0000000010012894      0x850 d:/intelfpga_lite/18.0/nios2eds/bin/gnu/h-x86_64-mingw32/bin/../lib/gcc/nios2-elf/5.3.0/../../../../../H-x86_64-mingw32/nios2-elf/lib/mno-hw-mul\libc.a(lib_a-gdtoa-gethex.o)
                0x0000000010012894                __gethex
 .text          0x00000000100130e4        0x0 d:/intelfpga_lite/18.0/nios2eds/bin/gnu/h-x86_64-mingw32/bin/../lib/gcc/nios2-elf/5.3.0/../../../../../H-x86_64-mingw32/nios2-elf/lib/mno-hw-mul\libc.a(lib_a-gdtoa-hexnan.o)
 .text.__hexnan
                0x00000000100130e4      0x25c d:/intelfpga_lite/18.0/nios2eds/bin/gnu/h-x86_64-mingw32/bin/../lib/gcc/nios2-elf/5.3.0/../../../../../H-x86_64-mingw32/nios2-elf/lib/mno-hw-mul\libc.a(lib_a-gdtoa-hexnan.o)
                0x00000000100130e4                __hexnan
 .text          0x0000000010013340        0x0 d:/intelfpga_lite/18.0/nios2eds/bin/gnu/h-x86_64-mingw32/bin/../lib/gcc/nios2-elf/5.3.0/../../../../../H-x86_64-mingw32/nios2-elf/lib/mno-hw-mul\libc.a(lib_a-int_errno.o)
 .text          0x0000000010013340        0x0 d:/intelfpga_lite/18.0/nios2eds/bin/gnu/h-x86_64-mingw32/bin/../lib/gcc/nios2-elf/5.3.0/../../../../../H-x86_64-mingw32/nios2-elf/lib/mno-hw-mul\libc.a(lib_a-isattyr.o)
 .text._isatty_r
                0x0000000010013340       0x54 d:/intelfpga_lite/18.0/nios2eds/bin/gnu/h-x86_64-mingw32/bin/../lib/gcc/nios2-elf/5.3.0/../../../../../H-x86_64-mingw32/nios2-elf/lib/mno-hw-mul\libc.a(lib_a-isattyr.o)
                0x0000000010013340                _isatty_r
 .text          0x0000000010013394        0x0 d:/intelfpga_lite/18.0/nios2eds/bin/gnu/h-x86_64-mingw32/bin/../lib/gcc/nios2-elf/5.3.0/../../../../../H-x86_64-mingw32/nios2-elf/lib/mno-hw-mul\libc.a(lib_a-lseekr.o)
 .text._lseek_r
                0x0000000010013394       0x60 d:/intelfpga_lite/18.0/nios2eds/bin/gnu/h-x86_64-mingw32/bin/../lib/gcc/nios2-elf/5.3.0/../../../../../H-x86_64-mingw32/nios2-elf/lib/mno-hw-mul\libc.a(lib_a-lseekr.o)
                0x0000000010013394                _lseek_r
 .text          0x00000000100133f4        0x0 d:/intelfpga_lite/18.0/nios2eds/bin/gnu/h-x86_64-mingw32/bin/../lib/gcc/nios2-elf/5.3.0/../../../../../H-x86_64-mingw32/nios2-elf/lib/mno-hw-mul\libc.a(lib_a-readr.o)
 .text._read_r  0x00000000100133f4       0x60 d:/intelfpga_lite/18.0/nios2eds/bin/gnu/h-x86_64-mingw32/bin/../lib/gcc/nios2-elf/5.3.0/../../../../../H-x86_64-mingw32/nios2-elf/lib/mno-hw-mul\libc.a(lib_a-readr.o)
                0x00000000100133f4                _read_r
 .text          0x0000000010013454        0x0 d:/intelfpga_lite/18.0/nios2eds/bin/gnu/h-x86_64-mingw32/bin/../lib/gcc/nios2-elf/5.3.0/../../../../../H-x86_64-mingw32/nios2-elf/lib/mno-hw-mul\libc.a(lib_a-strncmp.o)
 .text.strncmp  0x0000000010013454       0xd0 d:/intelfpga_lite/18.0/nios2eds/bin/gnu/h-x86_64-mingw32/bin/../lib/gcc/nios2-elf/5.3.0/../../../../../H-x86_64-mingw32/nios2-elf/lib/mno-hw-mul\libc.a(lib_a-strncmp.o)
                0x0000000010013454                strncmp
 .text          0x0000000010013524        0x0 d:/intelfpga_lite/18.0/nios2eds/bin/gnu/h-x86_64-mingw32/bin/../lib/gcc/nios2-elf/5.3.0/../../../../../H-x86_64-mingw32/nios2-elf/lib/mno-hw-mul\libc.a(lib_a-svfiprintf.o)
 .text.__ssprint_r
                0x0000000010013524      0x1d0 d:/intelfpga_lite/18.0/nios2eds/bin/gnu/h-x86_64-mingw32/bin/../lib/gcc/nios2-elf/5.3.0/../../../../../H-x86_64-mingw32/nios2-elf/lib/mno-hw-mul\libc.a(lib_a-svfiprintf.o)
                0x0000000010013524                __ssprint_r
 .text.___svfiprintf_internal_r
                0x00000000100136f4     0x13a0 d:/intelfpga_lite/18.0/nios2eds/bin/gnu/h-x86_64-mingw32/bin/../lib/gcc/nios2-elf/5.3.0/../../../../../H-x86_64-mingw32/nios2-elf/lib/mno-hw-mul\libc.a(lib_a-svfiprintf.o)
                0x00000000100136f4                ___svfiprintf_internal_r
 .text          0x0000000010014a94        0x0 d:/intelfpga_lite/18.0/nios2eds/bin/gnu/h-x86_64-mingw32/bin/../lib/gcc/nios2-elf/5.3.0/../../../../../H-x86_64-mingw32/nios2-elf/lib/mno-hw-mul\libc.a(lib_a-wcrtomb.o)
 .text._wcrtomb_r
                0x0000000010014a94       0x9c d:/intelfpga_lite/18.0/nios2eds/bin/gnu/h-x86_64-mingw32/bin/../lib/gcc/nios2-elf/5.3.0/../../../../../H-x86_64-mingw32/nios2-elf/lib/mno-hw-mul\libc.a(lib_a-wcrtomb.o)
                0x0000000010014a94                _wcrtomb_r
 .text.wcrtomb  0x0000000010014b30       0xc0 d:/intelfpga_lite/18.0/nios2eds/bin/gnu/h-x86_64-mingw32/bin/../lib/gcc/nios2-elf/5.3.0/../../../../../H-x86_64-mingw32/nios2-elf/lib/mno-hw-mul\libc.a(lib_a-wcrtomb.o)
                0x0000000010014b30                wcrtomb
 .text          0x0000000010014bf0        0x0 d:/intelfpga_lite/18.0/nios2eds/bin/gnu/h-x86_64-mingw32/bin/../lib/gcc/nios2-elf/5.3.0/../../../../../H-x86_64-mingw32/nios2-elf/lib/mno-hw-mul\libc.a(lib_a-wctomb_r.o)
 .text.__ascii_wctomb
                0x0000000010014bf0       0x30 d:/intelfpga_lite/18.0/nios2eds/bin/gnu/h-x86_64-mingw32/bin/../lib/gcc/nios2-elf/5.3.0/../../../../../H-x86_64-mingw32/nios2-elf/lib/mno-hw-mul\libc.a(lib_a-wctomb_r.o)
                0x0000000010014bf0                __ascii_wctomb
 .text._wctomb_r
                0x0000000010014c20       0x5c d:/intelfpga_lite/18.0/nios2eds/bin/gnu/h-x86_64-mingw32/bin/../lib/gcc/nios2-elf/5.3.0/../../../../../H-x86_64-mingw32/nios2-elf/lib/mno-hw-mul\libc.a(lib_a-wctomb_r.o)
                0x0000000010014c20                _wctomb_r
 .text          0x0000000010014c7c      0x10c d:/intelfpga_lite/18.0/nios2eds/bin/gnu/h-x86_64-mingw32/bin/../lib/gcc/nios2-elf/5.3.0/mno-hw-mul\libgcc.a(_muldi3.o)
                0x0000000010014c7c                __muldi3
 .text          0x0000000010014d88       0x74 d:/intelfpga_lite/18.0/nios2eds/bin/gnu/h-x86_64-mingw32/bin/../lib/gcc/nios2-elf/5.3.0/mno-hw-mul\libgcc.a(_fixunsdfsi.o)
                0x0000000010014d88                __fixunsdfsi
 .text          0x0000000010014dfc      0x5fc d:/intelfpga_lite/18.0/nios2eds/bin/gnu/h-x86_64-mingw32/bin/../lib/gcc/nios2-elf/5.3.0/mno-hw-mul\libgcc.a(_udivdi3.o)
                0x0000000010014dfc                __udivdi3
 .text          0x00000000100153f8      0x5c4 d:/intelfpga_lite/18.0/nios2eds/bin/gnu/h-x86_64-mingw32/bin/../lib/gcc/nios2-elf/5.3.0/mno-hw-mul\libgcc.a(_umoddi3.o)
                0x00000000100153f8                __umoddi3
 .text          0x00000000100159bc       0x78 d:/intelfpga_lite/18.0/nios2eds/bin/gnu/h-x86_64-mingw32/bin/../lib/gcc/nios2-elf/5.3.0/mno-hw-mul\libgcc.a(eqsf2.o)
                0x00000000100159bc                __eqsf2
                0x00000000100159bc                __nesf2
 .text          0x0000000010015a34       0xbc d:/intelfpga_lite/18.0/nios2eds/bin/gnu/h-x86_64-mingw32/bin/../lib/gcc/nios2-elf/5.3.0/mno-hw-mul\libgcc.a(gesf2.o)
                0x0000000010015a34                __gesf2
                0x0000000010015a34                __gtsf2
 .text          0x0000000010015af0       0xc8 d:/intelfpga_lite/18.0/nios2eds/bin/gnu/h-x86_64-mingw32/bin/../lib/gcc/nios2-elf/5.3.0/mno-hw-mul\libgcc.a(lesf2.o)
                0x0000000010015af0                __ltsf2
                0x0000000010015af0                __lesf2
 .text          0x0000000010015bb8      0x8ac d:/intelfpga_lite/18.0/nios2eds/bin/gnu/h-x86_64-mingw32/bin/../lib/gcc/nios2-elf/5.3.0/mno-hw-mul\libgcc.a(adddf3.o)
                0x0000000010015bb8                __adddf3
 .text          0x0000000010016464       0x88 d:/intelfpga_lite/18.0/nios2eds/bin/gnu/h-x86_64-mingw32/bin/../lib/gcc/nios2-elf/5.3.0/mno-hw-mul\libgcc.a(eqdf2.o)
                0x0000000010016464                __nedf2
                0x0000000010016464                __eqdf2
 .text          0x00000000100164ec       0xdc d:/intelfpga_lite/18.0/nios2eds/bin/gnu/h-x86_64-mingw32/bin/../lib/gcc/nios2-elf/5.3.0/mno-hw-mul\libgcc.a(gedf2.o)
                0x00000000100164ec                __gedf2
                0x00000000100164ec                __gtdf2
 .text          0x00000000100165c8       0xf4 d:/intelfpga_lite/18.0/nios2eds/bin/gnu/h-x86_64-mingw32/bin/../lib/gcc/nios2-elf/5.3.0/mno-hw-mul\libgcc.a(ledf2.o)
                0x00000000100165c8                __ledf2
                0x00000000100165c8                __ltdf2
 .text          0x00000000100166bc      0x86c d:/intelfpga_lite/18.0/nios2eds/bin/gnu/h-x86_64-mingw32/bin/../lib/gcc/nios2-elf/5.3.0/mno-hw-mul\libgcc.a(muldf3.o)
                0x00000000100166bc                __muldf3
 .text          0x0000000010016f28      0x8fc d:/intelfpga_lite/18.0/nios2eds/bin/gnu/h-x86_64-mingw32/bin/../lib/gcc/nios2-elf/5.3.0/mno-hw-mul\libgcc.a(subdf3.o)
                0x0000000010016f28                __subdf3
 .text          0x0000000010017824       0x80 d:/intelfpga_lite/18.0/nios2eds/bin/gnu/h-x86_64-mingw32/bin/../lib/gcc/nios2-elf/5.3.0/mno-hw-mul\libgcc.a(fixdfsi.o)
                0x0000000010017824                __fixdfsi
 .text          0x00000000100178a4      0x1a8 d:/intelfpga_lite/18.0/nios2eds/bin/gnu/h-x86_64-mingw32/bin/../lib/gcc/nios2-elf/5.3.0/mno-hw-mul\libgcc.a(truncdfsf2.o)
                0x00000000100178a4                __truncdfsf2
 .text          0x0000000010017a4c      0x114 ../lab9_bsp/\libhal_bsp.a(alt_close.o)
                0x0000000010017a88                close
 .text          0x0000000010017b60       0x2c ../lab9_bsp/\libhal_bsp.a(alt_dev.o)
 .text          0x0000000010017b8c        0x0 ../lab9_bsp/\libhal_bsp.a(alt_errno.o)
 .text          0x0000000010017b8c       0xf4 ../lab9_bsp/\libhal_bsp.a(alt_fstat.o)
                0x0000000010017bc8                fstat
 .text          0x0000000010017c80       0xe8 ../lab9_bsp/\libhal_bsp.a(alt_isatty.o)
                0x0000000010017cbc                isatty
 .text          0x0000000010017d68       0xec ../lab9_bsp/\libhal_bsp.a(alt_load.o)
                0x0000000010017dd0                alt_load
 .text          0x0000000010017e54      0x118 ../lab9_bsp/\libhal_bsp.a(alt_lseek.o)
                0x0000000010017e90                lseek
 .text          0x0000000010017f6c       0x7c ../lab9_bsp/\libhal_bsp.a(alt_main.o)
                0x0000000010017f6c                alt_main
 .text          0x0000000010017fe8       0x48 ../lab9_bsp/\libhal_bsp.a(alt_malloc_lock.o)
                0x0000000010017fe8                __malloc_lock
                0x000000001001800c                __malloc_unlock
 .text          0x0000000010018030      0x140 ../lab9_bsp/\libhal_bsp.a(alt_read.o)
                0x000000001001806c                read
 .text          0x0000000010018170       0x84 ../lab9_bsp/\libhal_bsp.a(alt_release_fd.o)
                0x0000000010018170                alt_release_fd
 .text          0x00000000100181f4       0xb0 ../lab9_bsp/\libhal_bsp.a(alt_sbrk.o)
                0x00000000100181f4                sbrk
 .text          0x00000000100182a4       0xb4 ../lab9_bsp/\libhal_bsp.a(alt_times.o)
                0x00000000100182e0                times
 .text          0x0000000010018358      0x13c ../lab9_bsp/\libhal_bsp.a(alt_write.o)
                0x0000000010018394                write
 .text          0x0000000010018494       0xb8 ../lab9_bsp/\libhal_bsp.a(alt_sys_init.o)
                0x00000000100184c8                alt_irq_init
                0x0000000010018500                alt_sys_init
 .text          0x000000001001854c      0x164 ../lab9_bsp/\libhal_bsp.a(altera_avalon_jtag_uart_fd.o)
                0x000000001001854c                altera_avalon_jtag_uart_read_fd
                0x00000000100185ac                altera_avalon_jtag_uart_write_fd
                0x000000001001860c                altera_avalon_jtag_uart_close_fd
                0x000000001001865c                altera_avalon_jtag_uart_ioctl_fd
 .text          0x00000000100186b0      0x3d4 ../lab9_bsp/\libhal_bsp.a(altera_avalon_jtag_uart_init.o)
                0x00000000100186b0                altera_avalon_jtag_uart_init
                0x0000000010018a1c                altera_avalon_jtag_uart_close
 .text          0x0000000010018a84       0xf0 ../lab9_bsp/\libhal_bsp.a(altera_avalon_jtag_uart_ioctl.o)
                0x0000000010018a84                altera_avalon_jtag_uart_ioctl
 .text          0x0000000010018b74      0x21c ../lab9_bsp/\libhal_bsp.a(altera_avalon_jtag_uart_read.o)
                0x0000000010018b74                altera_avalon_jtag_uart_read
 .text          0x0000000010018d90      0x224 ../lab9_bsp/\libhal_bsp.a(altera_avalon_jtag_uart_write.o)
                0x0000000010018d90                altera_avalon_jtag_uart_write
 .text          0x0000000010018fb4      0x12c ../lab9_bsp/\libhal_bsp.a(alt_alarm_start.o)
                0x0000000010018fb4                alt_alarm_start
 .text          0x00000000100190e0       0x20 ../lab9_bsp/\libhal_bsp.a(alt_dcache_flush_all.o)
                0x00000000100190e0                alt_dcache_flush_all
 .text          0x0000000010019100       0xe0 ../lab9_bsp/\libhal_bsp.a(alt_dev_llist_insert.o)
                0x000000001001913c                alt_dev_llist_insert
 .text          0x00000000100191e0       0x60 ../lab9_bsp/\libhal_bsp.a(alt_do_ctors.o)
                0x00000000100191e0                _do_ctors
 .text          0x0000000010019240       0x60 ../lab9_bsp/\libhal_bsp.a(alt_do_dtors.o)
                0x0000000010019240                _do_dtors
 .text          0x00000000100192a0       0x20 ../lab9_bsp/\libhal_bsp.a(alt_icache_flush_all.o)
                0x00000000100192a0                alt_icache_flush_all
 .text          0x00000000100192c0      0x1b0 ../lab9_bsp/\libhal_bsp.a(alt_iic.o)
                0x00000000100192c0                alt_ic_isr_register
                0x0000000010019310                alt_ic_irq_enable
                0x0000000010019398                alt_ic_irq_disable
                0x0000000010019424                alt_ic_irq_enabled
 .text          0x0000000010019470       0xf0 ../lab9_bsp/\libhal_bsp.a(alt_iic_isr_register.o)
                0x0000000010019470                alt_iic_isr_register
 .text          0x0000000010019560      0x160 ../lab9_bsp/\libhal_bsp.a(alt_io_redirect.o)
                0x0000000010019644                alt_io_redirect
 .text          0x00000000100196c0        0x0 ../lab9_bsp/\libhal_bsp.a(alt_irq_entry.o)
 .text          0x00000000100196c0        0x0 ../lab9_bsp/\libhal_bsp.a(alt_irq_handler.o)
 .text          0x00000000100196c0        0x0 ../lab9_bsp/\libhal_bsp.a(alt_irq_vars.o)
 .text          0x00000000100196c0      0x284 ../lab9_bsp/\libhal_bsp.a(alt_open.o)
                0x00000000100197e8                open
 .text          0x0000000010019944      0x1a4 ../lab9_bsp/\libhal_bsp.a(alt_tick.o)
                0x0000000010019944                alt_alarm_stop
                0x00000000100199e0                alt_tick
 .text          0x0000000010019ae8       0x24 ../lab9_bsp/\libhal_bsp.a(altera_nios2_gen2_irq.o)
                0x0000000010019ae8                altera_nios2_gen2_irq_init
 .text          0x0000000010019b0c        0x0 ../lab9_bsp/\libhal_bsp.a(alt_exception_entry.o)
 .text          0x0000000010019b0c       0x90 ../lab9_bsp/\libhal_bsp.a(alt_find_dev.o)
                0x0000000010019b0c                alt_find_dev
 .text          0x0000000010019b9c      0x108 ../lab9_bsp/\libhal_bsp.a(alt_find_file.o)
                0x0000000010019b9c                alt_find_file
 .text          0x0000000010019ca4       0xc4 ../lab9_bsp/\libhal_bsp.a(alt_get_fd.o)
                0x0000000010019ca4                alt_get_fd
 .text          0x0000000010019d68       0x9c ../lab9_bsp/\libhal_bsp.a(alt_instruction_exception_entry.o)
                0x0000000010019d68                alt_exception_cause_generated_bad_addr
 .text          0x0000000010019e04        0x0 d:/intelfpga_lite/18.0/nios2eds/bin/gnu/h-x86_64-mingw32/bin/../lib/gcc/nios2-elf/5.3.0/../../../../../H-x86_64-mingw32/nios2-elf/lib/mno-hw-mul\libc.a(lib_a-atexit.o)
 .text.atexit   0x0000000010019e04       0x14 d:/intelfpga_lite/18.0/nios2eds/bin/gnu/h-x86_64-mingw32/bin/../lib/gcc/nios2-elf/5.3.0/../../../../../H-x86_64-mingw32/nios2-elf/lib/mno-hw-mul\libc.a(lib_a-atexit.o)
                0x0000000010019e04                atexit
 .text          0x0000000010019e18        0x0 d:/intelfpga_lite/18.0/nios2eds/bin/gnu/h-x86_64-mingw32/bin/../lib/gcc/nios2-elf/5.3.0/../../../../../H-x86_64-mingw32/nios2-elf/lib/mno-hw-mul\libc.a(lib_a-exit.o)
 .text.exit     0x0000000010019e18       0x38 d:/intelfpga_lite/18.0/nios2eds/bin/gnu/h-x86_64-mingw32/bin/../lib/gcc/nios2-elf/5.3.0/../../../../../H-x86_64-mingw32/nios2-elf/lib/mno-hw-mul\libc.a(lib_a-exit.o)
                0x0000000010019e18                exit
 .text          0x0000000010019e50        0x0 d:/intelfpga_lite/18.0/nios2eds/bin/gnu/h-x86_64-mingw32/bin/../lib/gcc/nios2-elf/5.3.0/../../../../../H-x86_64-mingw32/nios2-elf/lib/mno-hw-mul\libc.a(lib_a-memcmp.o)
 .text.memcmp   0x0000000010019e50       0x7c d:/intelfpga_lite/18.0/nios2eds/bin/gnu/h-x86_64-mingw32/bin/../lib/gcc/nios2-elf/5.3.0/../../../../../H-x86_64-mingw32/nios2-elf/lib/mno-hw-mul\libc.a(lib_a-memcmp.o)
                0x0000000010019e50                memcmp
 .text          0x0000000010019ecc        0x0 d:/intelfpga_lite/18.0/nios2eds/bin/gnu/h-x86_64-mingw32/bin/../lib/gcc/nios2-elf/5.3.0/../../../../../H-x86_64-mingw32/nios2-elf/lib/mno-hw-mul\libc.a(lib_a-__atexit.o)
 .text.__register_exitproc
                0x0000000010019ecc      0x118 d:/intelfpga_lite/18.0/nios2eds/bin/gnu/h-x86_64-mingw32/bin/../lib/gcc/nios2-elf/5.3.0/../../../../../H-x86_64-mingw32/nios2-elf/lib/mno-hw-mul\libc.a(lib_a-__atexit.o)
                0x0000000010019ecc                __register_exitproc
 .text          0x0000000010019fe4        0x0 d:/intelfpga_lite/18.0/nios2eds/bin/gnu/h-x86_64-mingw32/bin/../lib/gcc/nios2-elf/5.3.0/../../../../../H-x86_64-mingw32/nios2-elf/lib/mno-hw-mul\libc.a(lib_a-__call_atexit.o)
 .text.__call_exitprocs
                0x0000000010019fe4      0x180 d:/intelfpga_lite/18.0/nios2eds/bin/gnu/h-x86_64-mingw32/bin/../lib/gcc/nios2-elf/5.3.0/../../../../../H-x86_64-mingw32/nios2-elf/lib/mno-hw-mul\libc.a(lib_a-__call_atexit.o)
                0x0000000010019fe4                __call_exitprocs
 .text          0x000000001001a164       0x34 ../lab9_bsp/\libhal_bsp.a(alt_exit.o)
                0x000000001001a164                _exit
 *(.gnu.warning.*)
 *(.fini)
                [!provide]                        PROVIDE (__etext, ABSOLUTE (.))
                [!provide]                        PROVIDE (_etext, ABSOLUTE (.))
                [!provide]                        PROVIDE (etext, ABSOLUTE (.))
 *(.eh_frame_hdr)
                0x000000001001a198                . = ALIGN (0x4)
                [!provide]                        PROVIDE (__preinit_array_start, ABSOLUTE (.))
 *(.preinit_array)
                [!provide]                        PROVIDE (__preinit_array_end, ABSOLUTE (.))
                [!provide]                        PROVIDE (__init_array_start, ABSOLUTE (.))
 *(.init_array)
                [!provide]                        PROVIDE (__init_array_end, ABSOLUTE (.))
                [!provide]                        PROVIDE (__fini_array_start, ABSOLUTE (.))
 *(.fini_array)
                [!provide]                        PROVIDE (__fini_array_end, ABSOLUTE (.))
 *(.eh_frame)
 *(.gcc_except_table .gcc_except_table.*)
 *(.dynamic)
                0x000000001001a198                PROVIDE (__CTOR_LIST__, ABSOLUTE (.))
 *(.ctors)
 *(SORT(.ctors.*))
                0x000000001001a198                PROVIDE (__CTOR_END__, ABSOLUTE (.))
                0x000000001001a198                PROVIDE (__DTOR_LIST__, ABSOLUTE (.))
 *(.dtors)
 *(SORT(.dtors.*))
                0x000000001001a198                PROVIDE (__DTOR_END__, ABSOLUTE (.))
 *(.jcr)
                0x000000001001a198                . = ALIGN (0x4)

.rodata         0x000000001001a198      0xa34
                0x000000001001a198                PROVIDE (__ram_rodata_start, ABSOLUTE (.))
                0x000000001001a198                . = ALIGN (0x4)
 *(.rodata .rodata.* .gnu.linkonce.r.*)
 .rodata        0x000000001001a198      0x2e5 obj/default/main.o
                0x000000001001a198                aes_sbox
                0x000000001001a298                aes_invsbox
 .rodata        0x000000001001a47d      0x100 d:/intelfpga_lite/18.0/nios2eds/bin/gnu/h-x86_64-mingw32/bin/../lib/gcc/nios2-elf/5.3.0/mno-hw-mul\libgcc.a(_clz.o)
                0x000000001001a47d                __clz_tab
 *fill*         0x000000001001a57d        0x3 
 .rodata.str1.4
                0x000000001001a580        0x2 d:/intelfpga_lite/18.0/nios2eds/bin/gnu/h-x86_64-mingw32/bin/../lib/gcc/nios2-elf/5.3.0/../../../../../H-x86_64-mingw32/nios2-elf/lib/mno-hw-mul\libc.a(lib_a-impure.o)
 *fill*         0x000000001001a582        0x2 
 .rodata.str1.4
                0x000000001001a584        0x2 d:/intelfpga_lite/18.0/nios2eds/bin/gnu/h-x86_64-mingw32/bin/../lib/gcc/nios2-elf/5.3.0/../../../../../H-x86_64-mingw32/nios2-elf/lib/mno-hw-mul\libc.a(lib_a-puts.o)
 *fill*         0x000000001001a586        0x2 
 .rodata.str1.4
                0x000000001001a588       0x42 d:/intelfpga_lite/18.0/nios2eds/bin/gnu/h-x86_64-mingw32/bin/../lib/gcc/nios2-elf/5.3.0/../../../../../H-x86_64-mingw32/nios2-elf/lib/mno-hw-mul\libc.a(lib_a-vfprintf.o)
 .rodata.zeroes.4404
                0x000000001001a5ca       0x10 d:/intelfpga_lite/18.0/nios2eds/bin/gnu/h-x86_64-mingw32/bin/../lib/gcc/nios2-elf/5.3.0/../../../../../H-x86_64-mingw32/nios2-elf/lib/mno-hw-mul\libc.a(lib_a-vfprintf.o)
 .rodata.blanks.4403
                0x000000001001a5da       0x10 d:/intelfpga_lite/18.0/nios2eds/bin/gnu/h-x86_64-mingw32/bin/../lib/gcc/nios2-elf/5.3.0/../../../../../H-x86_64-mingw32/nios2-elf/lib/mno-hw-mul\libc.a(lib_a-vfprintf.o)
 *fill*         0x000000001001a5ea        0x2 
 .rodata.str1.4
                0x000000001001a5ec        0x5 d:/intelfpga_lite/18.0/nios2eds/bin/gnu/h-x86_64-mingw32/bin/../lib/gcc/nios2-elf/5.3.0/../../../../../H-x86_64-mingw32/nios2-elf/lib/mno-hw-mul\libc.a(lib_a-vfscanf.o)
 *fill*         0x000000001001a5f1        0x1 
 .rodata.basefix.4359
                0x000000001001a5f2       0x22 d:/intelfpga_lite/18.0/nios2eds/bin/gnu/h-x86_64-mingw32/bin/../lib/gcc/nios2-elf/5.3.0/../../../../../H-x86_64-mingw32/nios2-elf/lib/mno-hw-mul\libc.a(lib_a-vfscanf.o)
 .rodata._ctype_
                0x000000001001a614      0x101 d:/intelfpga_lite/18.0/nios2eds/bin/gnu/h-x86_64-mingw32/bin/../lib/gcc/nios2-elf/5.3.0/../../../../../H-x86_64-mingw32/nios2-elf/lib/mno-hw-mul\libc.a(lib_a-ctype_.o)
                0x000000001001a614                _ctype_
 .rodata._ctype_b
                0x000000001001a715      0x180 d:/intelfpga_lite/18.0/nios2eds/bin/gnu/h-x86_64-mingw32/bin/../lib/gcc/nios2-elf/5.3.0/../../../../../H-x86_64-mingw32/nios2-elf/lib/mno-hw-mul\libc.a(lib_a-ctype_.o)
 *fill*         0x000000001001a895        0x3 
 .rodata.str1.4
                0x000000001001a898       0x10 d:/intelfpga_lite/18.0/nios2eds/bin/gnu/h-x86_64-mingw32/bin/../lib/gcc/nios2-elf/5.3.0/../../../../../H-x86_64-mingw32/nios2-elf/lib/mno-hw-mul\libc.a(lib_a-dtoa.o)
                                         0x12 (size before relaxing)
 .rodata.str1.4
                0x000000001001a8a8        0xa d:/intelfpga_lite/18.0/nios2eds/bin/gnu/h-x86_64-mingw32/bin/../lib/gcc/nios2-elf/5.3.0/../../../../../H-x86_64-mingw32/nios2-elf/lib/mno-hw-mul\libc.a(lib_a-locale.o)
                                         0x12 (size before relaxing)
 .rodata.str1.4
                0x000000001001a8b2        0x1 d:/intelfpga_lite/18.0/nios2eds/bin/gnu/h-x86_64-mingw32/bin/../lib/gcc/nios2-elf/5.3.0/../../../../../H-x86_64-mingw32/nios2-elf/lib/mno-hw-mul\libc.a(lib_a-mbrtowc.o)
 *fill*         0x000000001001a8b2        0x2 
 .rodata.p05.2768
                0x000000001001a8b4        0xc d:/intelfpga_lite/18.0/nios2eds/bin/gnu/h-x86_64-mingw32/bin/../lib/gcc/nios2-elf/5.3.0/../../../../../H-x86_64-mingw32/nios2-elf/lib/mno-hw-mul\libc.a(lib_a-mprec.o)
 .rodata.__mprec_tinytens
                0x000000001001a8c0       0x28 d:/intelfpga_lite/18.0/nios2eds/bin/gnu/h-x86_64-mingw32/bin/../lib/gcc/nios2-elf/5.3.0/../../../../../H-x86_64-mingw32/nios2-elf/lib/mno-hw-mul\libc.a(lib_a-mprec.o)
                0x000000001001a8c0                __mprec_tinytens
 .rodata.__mprec_bigtens
                0x000000001001a8e8       0x28 d:/intelfpga_lite/18.0/nios2eds/bin/gnu/h-x86_64-mingw32/bin/../lib/gcc/nios2-elf/5.3.0/../../../../../H-x86_64-mingw32/nios2-elf/lib/mno-hw-mul\libc.a(lib_a-mprec.o)
                0x000000001001a8e8                __mprec_bigtens
 .rodata.__mprec_tens
                0x000000001001a910       0xc8 d:/intelfpga_lite/18.0/nios2eds/bin/gnu/h-x86_64-mingw32/bin/../lib/gcc/nios2-elf/5.3.0/../../../../../H-x86_64-mingw32/nios2-elf/lib/mno-hw-mul\libc.a(lib_a-mprec.o)
                0x000000001001a910                __mprec_tens
 .rodata.str1.4
                0x000000001001a9d8       0x10 d:/intelfpga_lite/18.0/nios2eds/bin/gnu/h-x86_64-mingw32/bin/../lib/gcc/nios2-elf/5.3.0/../../../../../H-x86_64-mingw32/nios2-elf/lib/mno-hw-mul\libc.a(lib_a-strtod.o)
                                          0xf (size before relaxing)
 .rodata.fpinan.2773
                0x000000001001a9e8       0x14 d:/intelfpga_lite/18.0/nios2eds/bin/gnu/h-x86_64-mingw32/bin/../lib/gcc/nios2-elf/5.3.0/../../../../../H-x86_64-mingw32/nios2-elf/lib/mno-hw-mul\libc.a(lib_a-strtod.o)
 .rodata.fpi.2737
                0x000000001001a9fc       0x14 d:/intelfpga_lite/18.0/nios2eds/bin/gnu/h-x86_64-mingw32/bin/../lib/gcc/nios2-elf/5.3.0/../../../../../H-x86_64-mingw32/nios2-elf/lib/mno-hw-mul\libc.a(lib_a-strtod.o)
 .rodata.tinytens
                0x000000001001aa10       0x28 d:/intelfpga_lite/18.0/nios2eds/bin/gnu/h-x86_64-mingw32/bin/../lib/gcc/nios2-elf/5.3.0/../../../../../H-x86_64-mingw32/nios2-elf/lib/mno-hw-mul\libc.a(lib_a-strtod.o)
 .rodata.str1.4
                0x000000001001aa38       0x42 d:/intelfpga_lite/18.0/nios2eds/bin/gnu/h-x86_64-mingw32/bin/../lib/gcc/nios2-elf/5.3.0/../../../../../H-x86_64-mingw32/nios2-elf/lib/mno-hw-mul\libc.a(lib_a-svfprintf.o)
 .rodata.zeroes.4389
                0x000000001001aa38       0x10 d:/intelfpga_lite/18.0/nios2eds/bin/gnu/h-x86_64-mingw32/bin/../lib/gcc/nios2-elf/5.3.0/../../../../../H-x86_64-mingw32/nios2-elf/lib/mno-hw-mul\libc.a(lib_a-svfprintf.o)
 .rodata.blanks.4388
                0x000000001001aa48       0x10 d:/intelfpga_lite/18.0/nios2eds/bin/gnu/h-x86_64-mingw32/bin/../lib/gcc/nios2-elf/5.3.0/../../../../../H-x86_64-mingw32/nios2-elf/lib/mno-hw-mul\libc.a(lib_a-svfprintf.o)
 .rodata.str1.4
                0x000000001001aa58       0x2f d:/intelfpga_lite/18.0/nios2eds/bin/gnu/h-x86_64-mingw32/bin/../lib/gcc/nios2-elf/5.3.0/../../../../../H-x86_64-mingw32/nios2-elf/lib/mno-hw-mul\libc.a(lib_a-vfiprintf.o)
 .rodata.zeroes.4349
                0x000000001001aa58       0x10 d:/intelfpga_lite/18.0/nios2eds/bin/gnu/h-x86_64-mingw32/bin/../lib/gcc/nios2-elf/5.3.0/../../../../../H-x86_64-mingw32/nios2-elf/lib/mno-hw-mul\libc.a(lib_a-vfiprintf.o)
 .rodata.blanks.4348
                0x000000001001aa68       0x10 d:/intelfpga_lite/18.0/nios2eds/bin/gnu/h-x86_64-mingw32/bin/../lib/gcc/nios2-elf/5.3.0/../../../../../H-x86_64-mingw32/nios2-elf/lib/mno-hw-mul\libc.a(lib_a-vfiprintf.o)
 .rodata.__hexdig
                0x000000001001aa78      0x100 d:/intelfpga_lite/18.0/nios2eds/bin/gnu/h-x86_64-mingw32/bin/../lib/gcc/nios2-elf/5.3.0/../../../../../H-x86_64-mingw32/nios2-elf/lib/mno-hw-mul\libc.a(lib_a-gdtoa-gethex.o)
                0x000000001001aa78                __hexdig
 .rodata.str1.4
                0x000000001001ab78       0x2f d:/intelfpga_lite/18.0/nios2eds/bin/gnu/h-x86_64-mingw32/bin/../lib/gcc/nios2-elf/5.3.0/../../../../../H-x86_64-mingw32/nios2-elf/lib/mno-hw-mul\libc.a(lib_a-svfiprintf.o)
 .rodata.zeroes.4333
                0x000000001001ab78       0x10 d:/intelfpga_lite/18.0/nios2eds/bin/gnu/h-x86_64-mingw32/bin/../lib/gcc/nios2-elf/5.3.0/../../../../../H-x86_64-mingw32/nios2-elf/lib/mno-hw-mul\libc.a(lib_a-svfiprintf.o)
 .rodata.blanks.4332
                0x000000001001ab88       0x10 d:/intelfpga_lite/18.0/nios2eds/bin/gnu/h-x86_64-mingw32/bin/../lib/gcc/nios2-elf/5.3.0/../../../../../H-x86_64-mingw32/nios2-elf/lib/mno-hw-mul\libc.a(lib_a-svfiprintf.o)
 .rodata        0x000000001001ab98        0xa ../lab9_bsp/\libhal_bsp.a(alt_dev.o)
 *fill*         0x000000001001aba2        0x2 
 .rodata        0x000000001001aba4       0x11 ../lab9_bsp/\libhal_bsp.a(alt_main.o)
 *fill*         0x000000001001abb5        0x3 
 .rodata        0x000000001001abb8       0x11 ../lab9_bsp/\libhal_bsp.a(alt_sys_init.o)
 *(.rodata1)
                0x000000001001abcc                . = ALIGN (0x4)
 *fill*         0x000000001001abc9        0x3 
                0x000000001001abcc                PROVIDE (__ram_rodata_end, ABSOLUTE (.))
                0x000000001001a198                PROVIDE (__flash_rodata_start, LOADADDR (.rodata))

.rwdata         0x000000001001abcc     0x2144 load address 0x000000001001cd10
                0x000000001001abcc                PROVIDE (__ram_rwdata_start, ABSOLUTE (.))
                0x000000001001abcc                . = ALIGN (0x4)
 *(.got.plt)
 *(.got)
 *(.data1)
 *(.data .data.* .gnu.linkonce.d.*)
 .data          0x000000001001abcc        0x0 ../lab9_bsp//obj/HAL/src/crt0.o
 .data          0x000000001001abcc      0x640 obj/default/main.o
                0x000000001001abcc                gf_mul
                0x000000001001b1cc                Rcon
 .data          0x000000001001b20c        0x0 d:/intelfpga_lite/18.0/nios2eds/bin/gnu/h-x86_64-mingw32/bin/../lib/gcc/nios2-elf/5.3.0/mno-hw-mul\libgcc.a(lib2-divmod.o)
 .data          0x000000001001b20c        0x0 d:/intelfpga_lite/18.0/nios2eds/bin/gnu/h-x86_64-mingw32/bin/../lib/gcc/nios2-elf/5.3.0/mno-hw-mul\libgcc.a(lib2-mul.o)
 .data          0x000000001001b20c        0x0 d:/intelfpga_lite/18.0/nios2eds/bin/gnu/h-x86_64-mingw32/bin/../lib/gcc/nios2-elf/5.3.0/mno-hw-mul\libgcc.a(divdf3.o)
 .data          0x000000001001b20c        0x0 d:/intelfpga_lite/18.0/nios2eds/bin/gnu/h-x86_64-mingw32/bin/../lib/gcc/nios2-elf/5.3.0/mno-hw-mul\libgcc.a(floatsidf.o)
 .data          0x000000001001b20c        0x0 d:/intelfpga_lite/18.0/nios2eds/bin/gnu/h-x86_64-mingw32/bin/../lib/gcc/nios2-elf/5.3.0/mno-hw-mul\libgcc.a(floatunsidf.o)
 .data          0x000000001001b20c        0x0 d:/intelfpga_lite/18.0/nios2eds/bin/gnu/h-x86_64-mingw32/bin/../lib/gcc/nios2-elf/5.3.0/mno-hw-mul\libgcc.a(_clzsi2.o)
 .data          0x000000001001b20c        0x0 d:/intelfpga_lite/18.0/nios2eds/bin/gnu/h-x86_64-mingw32/bin/../lib/gcc/nios2-elf/5.3.0/mno-hw-mul\libgcc.a(_clz.o)
 .data          0x000000001001b20c        0x0 d:/intelfpga_lite/18.0/nios2eds/bin/gnu/h-x86_64-mingw32/bin/../lib/gcc/nios2-elf/5.3.0/../../../../../H-x86_64-mingw32/nios2-elf/lib/mno-hw-mul\libc.a(lib_a-clock.o)
 .data          0x000000001001b20c        0x0 d:/intelfpga_lite/18.0/nios2eds/bin/gnu/h-x86_64-mingw32/bin/../lib/gcc/nios2-elf/5.3.0/../../../../../H-x86_64-mingw32/nios2-elf/lib/mno-hw-mul\libc.a(lib_a-impure.o)
 .data.impure_data
                0x000000001001b20c      0x424 d:/intelfpga_lite/18.0/nios2eds/bin/gnu/h-x86_64-mingw32/bin/../lib/gcc/nios2-elf/5.3.0/../../../../../H-x86_64-mingw32/nios2-elf/lib/mno-hw-mul\libc.a(lib_a-impure.o)
 .data          0x000000001001b630        0x0 d:/intelfpga_lite/18.0/nios2eds/bin/gnu/h-x86_64-mingw32/bin/../lib/gcc/nios2-elf/5.3.0/../../../../../H-x86_64-mingw32/nios2-elf/lib/mno-hw-mul\libc.a(lib_a-printf.o)
 .data          0x000000001001b630        0x0 d:/intelfpga_lite/18.0/nios2eds/bin/gnu/h-x86_64-mingw32/bin/../lib/gcc/nios2-elf/5.3.0/../../../../../H-x86_64-mingw32/nios2-elf/lib/mno-hw-mul\libc.a(lib_a-putchar.o)
 .data          0x000000001001b630        0x0 d:/intelfpga_lite/18.0/nios2eds/bin/gnu/h-x86_64-mingw32/bin/../lib/gcc/nios2-elf/5.3.0/../../../../../H-x86_64-mingw32/nios2-elf/lib/mno-hw-mul\libc.a(lib_a-puts.o)
 .data          0x000000001001b630        0x0 d:/intelfpga_lite/18.0/nios2eds/bin/gnu/h-x86_64-mingw32/bin/../lib/gcc/nios2-elf/5.3.0/../../../../../H-x86_64-mingw32/nios2-elf/lib/mno-hw-mul\libc.a(lib_a-scanf.o)
 .data          0x000000001001b630        0x0 d:/intelfpga_lite/18.0/nios2eds/bin/gnu/h-x86_64-mingw32/bin/../lib/gcc/nios2-elf/5.3.0/../../../../../H-x86_64-mingw32/nios2-elf/lib/mno-hw-mul\libc.a(lib_a-strlen.o)
 .data          0x000000001001b630        0x0 d:/intelfpga_lite/18.0/nios2eds/bin/gnu/h-x86_64-mingw32/bin/../lib/gcc/nios2-elf/5.3.0/../../../../../H-x86_64-mingw32/nios2-elf/lib/mno-hw-mul\libc.a(lib_a-timesr.o)
 .data          0x000000001001b630        0x0 d:/intelfpga_lite/18.0/nios2eds/bin/gnu/h-x86_64-mingw32/bin/../lib/gcc/nios2-elf/5.3.0/../../../../../H-x86_64-mingw32/nios2-elf/lib/mno-hw-mul\libc.a(lib_a-vfprintf.o)
 .data          0x000000001001b630        0x0 d:/intelfpga_lite/18.0/nios2eds/bin/gnu/h-x86_64-mingw32/bin/../lib/gcc/nios2-elf/5.3.0/../../../../../H-x86_64-mingw32/nios2-elf/lib/mno-hw-mul\libc.a(lib_a-vfscanf.o)
 .data          0x000000001001b630        0x0 d:/intelfpga_lite/18.0/nios2eds/bin/gnu/h-x86_64-mingw32/bin/../lib/gcc/nios2-elf/5.3.0/../../../../../H-x86_64-mingw32/nios2-elf/lib/mno-hw-mul\libc.a(lib_a-wsetup.o)
 .data          0x000000001001b630        0x0 d:/intelfpga_lite/18.0/nios2eds/bin/gnu/h-x86_64-mingw32/bin/../lib/gcc/nios2-elf/5.3.0/../../../../../H-x86_64-mingw32/nios2-elf/lib/mno-hw-mul\libc.a(lib_a-ctype_.o)
 .data          0x000000001001b630        0x0 d:/intelfpga_lite/18.0/nios2eds/bin/gnu/h-x86_64-mingw32/bin/../lib/gcc/nios2-elf/5.3.0/../../../../../H-x86_64-mingw32/nios2-elf/lib/mno-hw-mul\libc.a(lib_a-dtoa.o)
 .data          0x000000001001b630        0x0 d:/intelfpga_lite/18.0/nios2eds/bin/gnu/h-x86_64-mingw32/bin/../lib/gcc/nios2-elf/5.3.0/../../../../../H-x86_64-mingw32/nios2-elf/lib/mno-hw-mul\libc.a(lib_a-fflush.o)
 .data          0x000000001001b630        0x0 d:/intelfpga_lite/18.0/nios2eds/bin/gnu/h-x86_64-mingw32/bin/../lib/gcc/nios2-elf/5.3.0/../../../../../H-x86_64-mingw32/nios2-elf/lib/mno-hw-mul\libc.a(lib_a-findfp.o)
 .data          0x000000001001b630        0x0 d:/intelfpga_lite/18.0/nios2eds/bin/gnu/h-x86_64-mingw32/bin/../lib/gcc/nios2-elf/5.3.0/../../../../../H-x86_64-mingw32/nios2-elf/lib/mno-hw-mul\libc.a(lib_a-fread.o)
 .data          0x000000001001b630        0x0 d:/intelfpga_lite/18.0/nios2eds/bin/gnu/h-x86_64-mingw32/bin/../lib/gcc/nios2-elf/5.3.0/../../../../../H-x86_64-mingw32/nios2-elf/lib/mno-hw-mul\libc.a(lib_a-freer.o)
 .data          0x000000001001b630        0x0 d:/intelfpga_lite/18.0/nios2eds/bin/gnu/h-x86_64-mingw32/bin/../lib/gcc/nios2-elf/5.3.0/../../../../../H-x86_64-mingw32/nios2-elf/lib/mno-hw-mul\libc.a(lib_a-fvwrite.o)
 .data          0x000000001001b630        0x0 d:/intelfpga_lite/18.0/nios2eds/bin/gnu/h-x86_64-mingw32/bin/../lib/gcc/nios2-elf/5.3.0/../../../../../H-x86_64-mingw32/nios2-elf/lib/mno-hw-mul\libc.a(lib_a-fwalk.o)
 .data          0x000000001001b630        0x0 d:/intelfpga_lite/18.0/nios2eds/bin/gnu/h-x86_64-mingw32/bin/../lib/gcc/nios2-elf/5.3.0/../../../../../H-x86_64-mingw32/nios2-elf/lib/mno-hw-mul\libc.a(lib_a-iswspace.o)
 .data          0x000000001001b630        0x0 d:/intelfpga_lite/18.0/nios2eds/bin/gnu/h-x86_64-mingw32/bin/../lib/gcc/nios2-elf/5.3.0/../../../../../H-x86_64-mingw32/nios2-elf/lib/mno-hw-mul\libc.a(lib_a-locale.o)
 .data.lc_message_charset
                0x000000001001b630       0x20 d:/intelfpga_lite/18.0/nios2eds/bin/gnu/h-x86_64-mingw32/bin/../lib/gcc/nios2-elf/5.3.0/../../../../../H-x86_64-mingw32/nios2-elf/lib/mno-hw-mul\libc.a(lib_a-locale.o)
 .data.lc_ctype_charset
                0x000000001001b650       0x20 d:/intelfpga_lite/18.0/nios2eds/bin/gnu/h-x86_64-mingw32/bin/../lib/gcc/nios2-elf/5.3.0/../../../../../H-x86_64-mingw32/nios2-elf/lib/mno-hw-mul\libc.a(lib_a-locale.o)
 .data.lconv    0x000000001001b670       0x38 d:/intelfpga_lite/18.0/nios2eds/bin/gnu/h-x86_64-mingw32/bin/../lib/gcc/nios2-elf/5.3.0/../../../../../H-x86_64-mingw32/nios2-elf/lib/mno-hw-mul\libc.a(lib_a-locale.o)
 .data          0x000000001001b6a8        0x0 d:/intelfpga_lite/18.0/nios2eds/bin/gnu/h-x86_64-mingw32/bin/../lib/gcc/nios2-elf/5.3.0/../../../../../H-x86_64-mingw32/nios2-elf/lib/mno-hw-mul\libc.a(lib_a-makebuf.o)
 .data          0x000000001001b6a8        0x0 d:/intelfpga_lite/18.0/nios2eds/bin/gnu/h-x86_64-mingw32/bin/../lib/gcc/nios2-elf/5.3.0/../../../../../H-x86_64-mingw32/nios2-elf/lib/mno-hw-mul\libc.a(lib_a-mallocr.o)
 .data.__malloc_av_
                0x000000001001b6a8      0x408 d:/intelfpga_lite/18.0/nios2eds/bin/gnu/h-x86_64-mingw32/bin/../lib/gcc/nios2-elf/5.3.0/../../../../../H-x86_64-mingw32/nios2-elf/lib/mno-hw-mul\libc.a(lib_a-mallocr.o)
                0x000000001001b6a8                __malloc_av_
 .data          0x000000001001bab0        0x0 d:/intelfpga_lite/18.0/nios2eds/bin/gnu/h-x86_64-mingw32/bin/../lib/gcc/nios2-elf/5.3.0/../../../../../H-x86_64-mingw32/nios2-elf/lib/mno-hw-mul\libc.a(lib_a-mbrtowc.o)